Component: ARM Compiler 5.05 update 1 (build 106) Tool: armlink [4d0efa]

==============================================================================

Section Cross References

    startup_stm32f10x_md.o(STACK) refers (Special) to heapauxi.o(.text) for __use_two_region_memory
    startup_stm32f10x_md.o(HEAP) refers (Special) to heapauxi.o(.text) for __use_two_region_memory
    startup_stm32f10x_md.o(RESET) refers (Special) to heapauxi.o(.text) for __use_two_region_memory
    startup_stm32f10x_md.o(RESET) refers to startup_stm32f10x_md.o(STACK) for __initial_sp
    startup_stm32f10x_md.o(RESET) refers to startup_stm32f10x_md.o(.text) for Reset_Handler
    startup_stm32f10x_md.o(RESET) refers to stm32f10x_it.o(i.NMI_Handler) for NMI_Handler
    startup_stm32f10x_md.o(RESET) refers to stm32f10x_it.o(i.HardFault_Handler) for HardFault_Handler
    startup_stm32f10x_md.o(RESET) refers to stm32f10x_it.o(i.MemManage_Handler) for MemManage_Handler
    startup_stm32f10x_md.o(RESET) refers to stm32f10x_it.o(i.BusFault_Handler) for BusFault_Handler
    startup_stm32f10x_md.o(RESET) refers to stm32f10x_it.o(i.UsageFault_Handler) for UsageFault_Handler
    startup_stm32f10x_md.o(RESET) refers to stm32f10x_it.o(i.SVC_Handler) for SVC_Handler
    startup_stm32f10x_md.o(RESET) refers to stm32f10x_it.o(i.DebugMon_Handler) for DebugMon_Handler
    startup_stm32f10x_md.o(RESET) refers to stm32f10x_it.o(i.PendSV_Handler) for PendSV_Handler
    startup_stm32f10x_md.o(RESET) refers to stm32f10x_it.o(i.SysTick_Handler) for SysTick_Handler
    startup_stm32f10x_md.o(RESET) refers to usart1.o(i.USART1_IRQHandler) for USART1_IRQHandler
    startup_stm32f10x_md.o(RESET) refers to usart3.o(i.USART3_IRQHandler) for USART3_IRQHandler
    startup_stm32f10x_md.o(.text) refers (Special) to heapauxi.o(.text) for __use_two_region_memory
    startup_stm32f10x_md.o(.text) refers to system_stm32f10x.o(i.SystemInit) for SystemInit
    startup_stm32f10x_md.o(.text) refers to __main.o(!!!main) for __main
    startup_stm32f10x_md.o(.text) refers to startup_stm32f10x_md.o(HEAP) for Heap_Mem
    startup_stm32f10x_md.o(.text) refers to startup_stm32f10x_md.o(STACK) for Stack_Mem
    misc.o(i.SysTick_CLKSourceConfig) refers to stm32f10x_flash.o(i.STM32F10x_Read) for STM32F10x_Read
    misc.o(i.SysTick_CLKSourceConfig) refers to system_stm32f10x.o(.bss) for SysTick_Info
    stm32f10x_adc.o(i.ADC_DeInit) refers to stm32f10x_rcc.o(i.RCC_APB2PeriphResetCmd) for RCC_APB2PeriphResetCmd
    stm32f10x_gpio.o(i.GPIO_AFIODeInit) refers to stm32f10x_rcc.o(i.RCC_APB2PeriphResetCmd) for RCC_APB2PeriphResetCmd
    stm32f10x_gpio.o(i.GPIO_DeInit) refers to stm32f10x_rcc.o(i.RCC_APB2PeriphResetCmd) for RCC_APB2PeriphResetCmd
    stm32f10x_rcc.o(i.RCC_GetClocksFreq) refers to stm32f10x_rcc.o(.data) for APBAHBPrescTable
    stm32f10x_rcc.o(i.RCC_WaitForHSEStartUp) refers to stm32f10x_rcc.o(i.RCC_GetFlagStatus) for RCC_GetFlagStatus
    stm32f10x_rtc.o(i.RTC_SetAlarm) refers to stm32f10x_rtc.o(i.RTC_EnterConfigMode) for RTC_EnterConfigMode
    stm32f10x_rtc.o(i.RTC_SetAlarm) refers to stm32f10x_rtc.o(i.RTC_ExitConfigMode) for RTC_ExitConfigMode
    stm32f10x_rtc.o(i.RTC_SetCounter) refers to stm32f10x_rtc.o(i.RTC_EnterConfigMode) for RTC_EnterConfigMode
    stm32f10x_rtc.o(i.RTC_SetCounter) refers to stm32f10x_rtc.o(i.RTC_ExitConfigMode) for RTC_ExitConfigMode
    stm32f10x_rtc.o(i.RTC_SetPrescaler) refers to stm32f10x_rtc.o(i.RTC_EnterConfigMode) for RTC_EnterConfigMode
    stm32f10x_rtc.o(i.RTC_SetPrescaler) refers to stm32f10x_rtc.o(i.RTC_ExitConfigMode) for RTC_ExitConfigMode
    stm32f10x_tim.o(i.TIM_DeInit) refers to stm32f10x_rcc.o(i.RCC_APB2PeriphResetCmd) for RCC_APB2PeriphResetCmd
    stm32f10x_tim.o(i.TIM_DeInit) refers to stm32f10x_rcc.o(i.RCC_APB1PeriphResetCmd) for RCC_APB1PeriphResetCmd
    stm32f10x_tim.o(i.TIM_ETRClockMode1Config) refers to stm32f10x_tim.o(i.TIM_ETRConfig) for TIM_ETRConfig
    stm32f10x_tim.o(i.TIM_ETRClockMode2Config) refers to stm32f10x_tim.o(i.TIM_ETRConfig) for TIM_ETRConfig
    stm32f10x_tim.o(i.TIM_ICInit) refers to stm32f10x_tim.o(i.TI1_Config) for TI1_Config
    stm32f10x_tim.o(i.TIM_ICInit) refers to stm32f10x_tim.o(i.TIM_SetIC1Prescaler) for TIM_SetIC1Prescaler
    stm32f10x_tim.o(i.TIM_ICInit) refers to stm32f10x_tim.o(i.TI2_Config) for TI2_Config
    stm32f10x_tim.o(i.TIM_ICInit) refers to stm32f10x_tim.o(i.TIM_SetIC2Prescaler) for TIM_SetIC2Prescaler
    stm32f10x_tim.o(i.TIM_ICInit) refers to stm32f10x_tim.o(i.TI3_Config) for TI3_Config
    stm32f10x_tim.o(i.TIM_ICInit) refers to stm32f10x_tim.o(i.TIM_SetIC3Prescaler) for TIM_SetIC3Prescaler
    stm32f10x_tim.o(i.TIM_ICInit) refers to stm32f10x_tim.o(i.TI4_Config) for TI4_Config
    stm32f10x_tim.o(i.TIM_ICInit) refers to stm32f10x_tim.o(i.TIM_SetIC4Prescaler) for TIM_SetIC4Prescaler
    stm32f10x_tim.o(i.TIM_ITRxExternalClockConfig) refers to stm32f10x_tim.o(i.TIM_SelectInputTrigger) for TIM_SelectInputTrigger
[...]
    ..\System\usart\usart3.c                 0x00000000   Number         0  usart3.o ABSOLUTE
    ..\\CMSIS\\core_cm3.c                    0x00000000   Number         0  core_cm3.o ABSOLUTE
    dc.s                                     0x00000000   Number         0  dc.o ABSOLUTE
    main.c                                   0x00000000   Number         0  main.o ABSOLUTE
    stm32f10x_it.c                           0x00000000   Number         0  stm32f10x_it.o ABSOLUTE
    system_stm32f10x.c                       0x00000000   Number         0  system_stm32f10x.o ABSOLUTE
    RESET                                    0x08000000   Section      236  startup_stm32f10x_md.o(RESET)
    !!!main                                  0x080000ec   Section        8  __main.o(!!!main)
    !!!scatter                               0x080000f4   Section       52  __scatter.o(!!!scatter)
    !!dczerorl2                              0x08000128   Section       90  __dczerorl2.o(!!dczerorl2)
    !!handler_zi                             0x08000184   Section       28  __scatter_zi.o(!!handler_zi)
    .ARM.Collect$$_printf_percent$$00000000  0x080001a0   Section        0  _printf_percent.o(.ARM.Collect$$_printf_percent$$00000000)
    .ARM.Collect$$_printf_percent$$00000003  0x080001a0   Section        6  _printf_f.o(.ARM.Collect$$_printf_percent$$00000003)
    .ARM.Collect$$_printf_percent$$00000009  0x080001a6   Section        6  _printf_d.o(.ARM.Collect$$_printf_percent$$00000009)
    .ARM.Collect$$_printf_percent$$00000017  0x080001ac   Section        4  _printf_percent_end.o(.ARM.Collect$$_printf_percent$$00000017)
    .ARM.Collect$$libinit$$00000000          0x080001b0   Section        2  libinit.o(.ARM.Collect$$libinit$$00000000)
    .ARM.Collect$$libinit$$00000002          0x080001b2   Section        0  libinit2.o(.ARM.Collect$$libinit$$00000002)
    .ARM.Collect$$libinit$$00000004          0x080001b2   Section        0  libinit2.o(.ARM.Collect$$libinit$$00000004)
    .ARM.Collect$$libinit$$0000000A          0x080001b2   Section        0  libinit2.o(.ARM.Collect$$libinit$$0000000A)
    .ARM.Collect$$libinit$$0000000C          0x080001b2   Section        0  libinit2.o(.ARM.Collect$$libinit$$0000000C)
    .ARM.Collect$$libinit$$0000000E          0x080001b2   Section        0  libinit2.o(.ARM.Collect$$libinit$$0000000E)
    .ARM.Collect$$libinit$$0000000F          0x080001b2   Section        6  libinit2.o(.ARM.Collect$$libinit$$0000000F)
    .ARM.Collect$$libinit$$00000011          0x080001b8   Section        0  libinit2.o(.ARM.Collect$$libinit$$00000011)
    .ARM.Collect$$libinit$$00000013          0x080001b8   Section        0  libinit2.o(.ARM.Collect$$libinit$$00000013)
    .ARM.Collect$$libinit$$00000015          0x080001b8   Section        0  libinit2.o(.ARM.Collect$$libinit$$00000015)
    .ARM.Collect$$libinit$$00000016          0x080001b8   Section       10  libinit2.o(.ARM.Collect$$libinit$$00000016)
    .ARM.Collect$$libinit$$00000017          0x080001c2   Section        0  libinit2.o(.ARM.Collect$$libinit$$00000017)
    .ARM.Collect$$libinit$$00000019          0x080001c2   Section        0  libinit2.o(.ARM.Collect$$libinit$$00000019)
    .ARM.Collect$$libinit$$0000001B          0x080001c2   Section        0  libinit2.o(.ARM.Collect$$libinit$$0000001B)
    .ARM.Collect$$libinit$$0000001D          0x080001c2   Section        0  libinit2.o(.ARM.Collect$$libinit$$0000001D)
    .ARM.Collect$$libinit$$0000001F          0x080001c2   Section        0  libinit2.o(.ARM.Collect$$libinit$$0000001F)
    .ARM.Collect$$libinit$$00000021          0x080001c2   Section        0  libinit2.o(.ARM.Collect$$libinit$$00000021)
    .ARM.Collect$$libinit$$00000023          0x080001c2   Section        0  libinit2.o(.ARM.Collect$$libinit$$00000023)
    .ARM.Collect$$libinit$$00000025          0x080001c2   Section        0  libinit2.o(.ARM.Collect$$libinit$$00000025)
    .ARM.Collect$$libinit$$0000002C          0x080001c2   Section        0  libinit2.o(.ARM.Collect$$libinit$$0000002C)
    .ARM.Collect$$libinit$$0000002E          0x080001c2   Section        0  libinit2.o(.ARM.Collect$$libinit$$0000002E)
    .ARM.Collect$$libinit$$00000030          0x080001c2   Section        0  libinit2.o(.ARM.Collect$$libinit$$00000030)
    .ARM.Collect$$libinit$$00000032          0x080001c2   Section        0  libinit2.o(.ARM.Collect$$libinit$$00000032)
    .ARM.Collect$$libinit$$00000033          0x080001c2   Section        2  libinit2.o(.ARM.Collect$$libinit$$00000033)
    .ARM.Collect$$libshutdown$$00000000      0x080001c4   Section        2  libshutdown.o(.ARM.Collect$$libshutdown$$00000000)
    .ARM.Collect$$libshutdown$$00000003      0x080001c6   Section        0  libshutdown2.o(.ARM.Collect$$libshutdown$$00000003)
    .ARM.Collect$$libshutdown$$00000006      0x080001c6   Section        0  libshutdown2.o(.ARM.Collect$$libshutdown$$00000006)
    .ARM.Collect$$libshutdown$$00000009      0x080001c6   Section        0  libshutdown2.o(.ARM.Collect$$libshutdown$$00000009)
    .ARM.Collect$$libshutdown$$0000000B      0x080001c6   Section        0  libshutdown2.o(.ARM.Collect$$libshutdown$$0000000B)
    .ARM.Collect$$libshutdown$$0000000E      0x080001c6   Section        0  libshutdown2.o(.ARM.Collect$$libshutdown$$0000000E)
    .ARM.Collect$$libshutdown$$0000000F      0x080001c6   Section        2  libshutdown2.o(.ARM.Collect$$libshutdown$$0000000F)
    .ARM.Collect$$rtentry$$00000000          0x080001c8   Section        0  __rtentry.o(.ARM.Collect$$rtentry$$00000000)
    .ARM.Collect$$rtentry$$00000002          0x080001c8   Section        0  __rtentry2.o(.ARM.Collect$$rtentry$$00000002)
    .ARM.Collect$$rtentry$$00000004          0x080001c8   Section        6  __rtentry4.o(.ARM.Collect$$rtentry$$00000004)
    .ARM.Collect$$rtentry$$00000009          0x080001ce   Section        0  __rtentry2.o(.ARM.Collect$$rtentry$$00000009)
    .ARM.Collect$$rtentry$$0000000A          0x080001ce   Section        4  __rtentry2.o(.ARM.Collect$$rtentry$$0000000A)
    .ARM.Collect$$rtentry$$0000000C          0x080001d2   Section        0  __rtentry2.o(.ARM.Collect$$rtentry$$0000000C)
    .ARM.Collect$$rtentry$$0000000D          0x080001d2   Section        8  __rtentry2.o(.ARM.Collect$$rtentry$$0000000D)
    .ARM.Collect$$rtexit$$00000000           0x080001da   Section        2  rtexit.o(.ARM.Collect$$rtexit$$00000000)
    .ARM.Collect$$rtexit$$00000002           0x080001dc   Section        0  rtexit2.o(.ARM.Collect$$rtexit$$00000002)
    .ARM.Collect$$rtexit$$00000003           0x080001dc   Section        4  rtexit2.o(.ARM.Collect$$rtexit$$00000003)
    .ARM.Collect$$rtexit$$00000004           0x080001e0   Section        6  rtexit2.o(.ARM.Collect$$rtexit$$00000004)
    .text                                    0x080001e8   Section       64  startup_stm32f10x_md.o(.text)
    .text                                    0x08000228   Section        2  use_no_semi_2.o(.text)
    .text                                    0x0800022c   Section        0  noretval__2sprintf.o(.text)
    .text                                    0x08000254   Section        0  _printf_pad.o(.text)
    .text                                    0x080002a4   Section        0  _printf_dec.o(.text)
    .text                                    0x0800031c   Section        0  __printf_flags_wp.o(.text)
    .text                                    0x08000454   Section      100  rt_memcpy_w.o(.text)
    .text                                    0x080004b8   Section       68  rt_memclr.o(.text)
    .text                                    0x080004fc   Section        0  heapauxi.o(.text)
    .text                                    0x08000502   Section        2  use_no_semi.o(.text)
    .text                                    0x08000504   Section        0  _printf_intcommon.o(.text)
    .text                                    0x080005b6   Section        0  _printf_fp_dec.o(.text)
    _fp_digits                               0x080005b9   Thumb Code   428  _printf_fp_dec.o(.text)
    .text                                    0x080009d0   Section        0  _printf_char_common.o(.text)
    _printf_input_char                       0x080009d1   Thumb Code    10  _printf_char_common.o(.text)
    .text                                    0x08000a00   Section        0  _sputc.o(.text)
    .text                                    0x08000a0a   Section       78  rt_memclr_w.o(.text)
    .text                                    0x08000a58   Section        8  rt_locale_intlibspace.o(.text)
    .text                                    0x08000a60   Section      138  lludiv10.o(.text)
    .text                                    0x08000aec   Section        0  _printf_fp_infnan.o(.text)
    .text                                    0x08000b6c   Section        0  bigflt0.o(.text)
    .text                                    0x08000c48   Section        8  libspace.o(.text)
    .text                                    0x08000c50   Section       74  sys_stackheap_outer.o(.text)
    .text                                    0x08000c9a   Section        0  exit.o(.text)
    .text                                    0x08000ca8   Section      128  strcmpv7m.o(.text)
    CL$$btod_d2e                             0x08000d28   Section       62  btod.o(CL$$btod_d2e)
    CL$$btod_d2e_denorm_low                  0x08000d66   Section       70  btod.o(CL$$btod_d2e_denorm_low)
    CL$$btod_d2e_norm_op1                    0x08000dac   Section       96  btod.o(CL$$btod_d2e_norm_op1)
    CL$$btod_div_common                      0x08000e0c   Section      824  btod.o(CL$$btod_div_common)
    CL$$btod_e2e                             0x08001144   Section      198  btod.o(CL$$btod_e2e)
    CL$$btod_ediv                            0x0800120a   Section       40  btod.o(CL$$btod_ediv)
    CL$$btod_emul                            0x08001232   Section       40  btod.o(CL$$btod_emul)
    CL$$btod_mult_common                     0x0800125a   Section      580  btod.o(CL$$btod_mult_common)
    i.ADC_Cmd                                0x0800149e   Section        0  stm32f10x_adc.o(i.ADC_Cmd)
    i.ADC_DeInit                             0x080014b4   Section        0  stm32f10x_adc.o(i.ADC_DeInit)
    i.ADC_GetCalibrationStatus               0x08001510   Section        0  stm32f10x_adc.o(i.ADC_GetCalibrationStatus)
    i.ADC_GetConversionValue                 0x08001524   Section        0  stm32f10x_adc.o(i.ADC_GetConversionValue)
    i.ADC_GetFlagStatus                      0x0800152c   Section        0  stm32f10x_adc.o(i.ADC_GetFlagStatus)
    i.ADC_GetResetCalibrationStatus          0x0800153e   Section        0  stm32f10x_adc.o(i.ADC_GetResetCalibrationStatus)
    i.ADC_Init                               0x08001554   Section        0  stm32f10x_adc.o(i.ADC_Init)
    i.ADC_RegularChannelConfig               0x080015a4   Section        0  stm32f10x_adc.o(i.ADC_RegularChannelConfig)
    i.ADC_ResetCalibration                   0x0800165c   Section        0  stm32f10x_adc.o(i.ADC_ResetCalibration)
    i.ADC_SoftwareStartConvCmd               0x08001666   Section        0  stm32f10x_adc.o(i.ADC_SoftwareStartConvCmd)
    i.ADC_StartCalibration                   0x0800167c   Section        0  stm32f10x_adc.o(i.ADC_StartCalibration)
    i.Adc_Init                               0x08001688   Section        0  adc.o(i.Adc_Init)
    i.BusFault_Handler                       0x08001714   Section        0  stm32f10x_it.o(i.BusFault_Handler)
    i.DS18B20_GPIO_Init                      0x08001718   Section        0  ds18b20.o(i.DS18B20_GPIO_Init)
    i.DS18B20_Init                           0x08001750   Section        0  ds18b20.o(i.DS18B20_Init)
    i.DS18B20_ReadByte                       0x08001800   Section        0  ds18b20.o(i.DS18B20_ReadByte)
    i.DS18B20_WriteByte                      0x08001880   Section        0  ds18b20.o(i.DS18B20_WriteByte)
    i.DebugMon_Handler                       0x08001900   Section        0  stm32f10x_it.o(i.DebugMon_Handler)
    i.GPIO_Init                              0x08001902   Section        0  stm32f10x_gpio.o(i.GPIO_Init)
    i.GPIO_PinRemapConfig                    0x08001a18   Section        0  stm32f10x_gpio.o(i.GPIO_PinRemapConfig)
    i.GPIO_ReadInputDataBit                  0x08001aa8   Section        0  stm32f10x_gpio.o(i.GPIO_ReadInputDataBit)
    i.GPIO_ResetBits                         0x08001aba   Section        0  stm32f10x_gpio.o(i.GPIO_ResetBits)
    i.GPIO_SetBits                           0x08001abe   Section        0  stm32f10x_gpio.o(i.GPIO_SetBits)
    i.Get_Adc                                0x08001ac4   Section        0  adc.o(i.Get_Adc)
    i.Get_Adc_Average                        0x08001af8   Section        0  adc.o(i.Get_Adc_Average)
    i.Get_PH                                 0x08001b28   Section        0  main.o(i.Get_PH)
    i.Get_TDS                                0x08001c98   Section        0  main.o(i.Get_TDS)
    i.Get_Turbidity                          0x08001d08   Section        0  main.o(i.Get_Turbidity)
    i.HardFault_Handler                      0x08001e18   Section        0  stm32f10x_it.o(i.HardFault_Handler)
    i.I2C_Configuration                      0x08001e1c   Section        0  oled_i2c.o(i.I2C_Configuration)
    i.I2C_WriteByte                          0x08001e24   Section        0  oled_i2c.o(i.I2C_WriteByte)
    i.InitDisplay                            0x08001e54   Section        0  main.o(i.InitDisplay)
    i.KEY_GPIO_Init                          0x08001ed8   Section        0  gpio.o(i.KEY_GPIO_Init)
    i.MemManage_Handler                      0x08001f2c   Section        0  stm32f10x_it.o(i.MemManage_Handler)
    i.NMI_Handler                            0x08001f30   Section        0  stm32f10x_it.o(i.NMI_Handler)
    i.NVIC_Configuration                     0x08001f32   Section        0  sys.o(i.NVIC_Configuration)
    i.NVIC_Init                              0x08001f40   Section        0  misc.o(i.NVIC_Init)
    i.NVIC_PriorityGroupConfig               0x08001fb0   Section        0  misc.o(i.NVIC_PriorityGroupConfig)
    i.OLED_CLS                               0x08001fc4   Section        0  oled_i2c.o(i.OLED_CLS)
    i.OLED_Fill                              0x08001fce   Section        0  oled_i2c.o(i.OLED_Fill)
    i.OLED_Init                              0x08002008   Section        0  oled_i2c.o(i.OLED_Init)
    i.OLED_SetPos                            0x080020ba   Section        0  oled_i2c.o(i.OLED_SetPos)
    i.OLED_ShowCN                            0x080020e4   Section        0  oled_i2c.o(i.OLED_ShowCN)
    i.OLED_ShowCentigrade                    0x08002160   Section        0  oled_i2c.o(i.OLED_ShowCentigrade)
    i.OLED_ShowChar                          0x080021d0   Section        0  oled_i2c.o(i.OLED_ShowChar)
    i.OLED_ShowStr                           0x080022c8   Section        0  oled_i2c.o(i.OLED_ShowStr)
    i.PendSV_Handler                         0x08002408   Section        0  stm32f10x_it.o(i.PendSV_Handler)
    i.RCC_ADCCLKConfig                       0x0800240c   Section        0  stm32f10x_rcc.o(i.RCC_ADCCLKConfig)
    i.RCC_APB1PeriphClockCmd                 0x08002424   Section        0  stm32f10x_rcc.o(i.RCC_APB1PeriphClockCmd)
    i.RCC_APB1PeriphResetCmd                 0x08002444   Section        0  stm32f10x_rcc.o(i.RCC_APB1PeriphResetCmd)
    i.RCC_APB2PeriphClockCmd                 0x08002464   Section        0  stm32f10x_rcc.o(i.RCC_APB2PeriphClockCmd)
    i.RCC_APB2PeriphResetCmd                 0x08002484   Section        0  stm32f10x_rcc.o(i.RCC_APB2PeriphResetCmd)
    i.RCC_GetClocksFreq                      0x080024a4   Section        0  stm32f10x_rcc.o(i.RCC_GetClocksFreq)
    i.ReadTemperature                        0x08002578   Section        0  ds18b20.o(i.ReadTemperature)
    i.STM32F10x_Read                         0x080025dc   Section        0  stm32f10x_flash.o(i.STM32F10x_Read)
    i.STMFLASH_ReadHalfWord                  0x080025fe   Section        0  stm32f10x_flash.o(i.STMFLASH_ReadHalfWord)
    i.SVC_Handler                            0x08002604   Section        0  stm32f10x_it.o(i.SVC_Handler)
    i.SetSysClock                            0x08002606   Section        0  system_stm32f10x.o(i.SetSysClock)
    SetSysClock                              0x08002607   Thumb Code     8  system_stm32f10x.o(i.SetSysClock)
    i.SetSysClockTo72                        0x08002610   Section        0  system_stm32f10x.o(i.SetSysClockTo72)
    SetSysClockTo72                          0x08002611   Thumb Code   214  system_stm32f10x.o(i.SetSysClockTo72)
    i.SysTick_CLKSourceConfig                0x080026f0   Section        0  misc.o(i.SysTick_CLKSourceConfig)
    i.SysTick_Handler                        0x08002790   Section        0  stm32f10x_it.o(i.SysTick_Handler)
    i.SystemInit                             0x08002794   Section        0  system_stm32f10x.o(i.SystemInit)
    i.USART1_IRQHandler                      0x080027f4   Section        0  usart1.o(i.USART1_IRQHandler)
    i.USART3_IRQHandler                      0x08002840   Section        0  usart3.o(i.USART3_IRQHandler)
    i.USART3_Init                            0x080028a0   Section        0  usart3.o(i.USART3_Init)
    i.USART3_Sned_Char                       0x08002950   Section        0  usart3.o(i.USART3_Sned_Char)
    i.USART_ClearFlag                        0x08002970   Section        0  stm32f10x_usart.o(i.USART_ClearFlag)
    i.USART_ClearITPendingBit                0x08002982   Section        0  stm32f10x_usart.o(i.USART_ClearITPendingBit)
    i.USART_Cmd                              0x080029a0   Section        0  stm32f10x_usart.o(i.USART_Cmd)
    i.USART_DeInit                           0x080029b8   Section        0  stm32f10x_usart.o(i.USART_DeInit)
    i.USART_GetFlagStatus                    0x08002a54   Section        0  stm32f10x_usart.o(i.USART_GetFlagStatus)
    i.USART_GetITStatus                      0x08002a6e   Section        0  stm32f10x_usart.o(i.USART_GetITStatus)
    i.USART_ITConfig                         0x08002ac2   Section        0  stm32f10x_usart.o(i.USART_ITConfig)
    i.USART_Init                             0x08002b0c   Section        0  stm32f10x_usart.o(i.USART_Init)
    i.USART_ReceiveData                      0x08002be4   Section        0  stm32f10x_usart.o(i.USART_ReceiveData)
    i.USART_SendData                         0x08002bee   Section        0  stm32f10x_usart.o(i.USART_SendData)
    i.Uart3_SendStr                          0x08002bf6   Section        0  usart3.o(i.Uart3_SendStr)
    i.UsageFault_Handler                     0x08002c0c   Section        0  stm32f10x_it.o(i.UsageFault_Handler)
    i.Usart1RxBufClear                       0x08002c10   Section        0  main.o(i.Usart1RxBufClear)
    i.UsartSendData                          0x08002c2c   Section        0  main.o(i.UsartSendData)
    i.WriteCmd                               0x08002cd4   Section        0  oled_i2c.o(i.WriteCmd)
    i.WriteDat                               0x08002ce2   Section        0  oled_i2c.o(i.WriteDat)
    i.__ARM_fpclassify                       0x08002cf0   Section        0  fpclassify.o(i.__ARM_fpclassify)
    i._is_digit                              0x08002d18   Section        0  __printf_wp.o(i._is_digit)
    i._sys_exit                              0x08002d26   Section        0  usart1.o(i._sys_exit)
    i.bsp_InitI2C_2                          0x08002d2c   Section        0  oled_i2c.o(i.bsp_InitI2C_2)
    i.delay_init                             0x08002d6c   Section        0  delay.o(i.delay_init)
    i.delay_ms                               0x08002db0   Section        0  delay.o(i.delay_ms)
    i.delay_us                               0x08002e40   Section        0  delay.o(i.delay_us)
    i.displaySetValue                        0x08002e8c   Section        0  main.o(i.displaySetValue)
    i.i2c_SendByte_2                         0x08002fc8   Section        0  oled_i2c.o(i.i2c_SendByte_2)
    i.i2c_Start_2                            0x0800301c   Section        0  oled_i2c.o(i.i2c_Start_2)
    i.i2c_Stop_2                             0x0800304c   Section        0  oled_i2c.o(i.i2c_Stop_2)
    i.i2c_WaitAck_2                          0x08003074   Section        0  oled_i2c.o(i.i2c_WaitAck_2)
    i.keyscan                                0x080030c0   Section        0  main.o(i.keyscan)
    i.main                                   0x08003418   Section        0  main.o(i.main)
    i.uart1_Init                             0x080036d8   Section        0  usart1.o(i.uart1_Init)
    i.uart1_send                             0x08003794   Section        0  usart1.o(i.uart1_send)
    locale$$code                             0x080037e4   Section       44  lc_numeric_c.o(locale$$code)
    x$fpl$d2f                                0x08003810   Section       98  d2f.o(x$fpl$d2f)
    x$fpl$dadd                               0x08003874   Section      336  daddsub_clz.o(x$fpl$dadd)
    _dadd1                                   0x08003885   Thumb Code     0  daddsub_clz.o(x$fpl$dadd)
    x$fpl$dcmpinf                            0x080039c4   Section       24  dcmpi.o(x$fpl$dcmpinf)
    x$fpl$ddiv                               0x080039dc   Section      688  ddiv.o(x$fpl$ddiv)
    ddiv_entry                               0x080039e3   Thumb Code     0  ddiv.o(x$fpl$ddiv)
    x$fpl$dflt                               0x08003c8c   Section       46  dflt_clz.o(x$fpl$dflt)
    x$fpl$dleqf                              0x08003cbc   Section      120  dleqf.o(x$fpl$dleqf)
    x$fpl$dmul                               0x08003d34   Section      340  dmul.o(x$fpl$dmul)
    x$fpl$dnaninf                            0x08003e88   Section      156  dnaninf.o(x$fpl$dnaninf)
    x$fpl$dretinf                            0x08003f24   Section       12  dretinf.o(x$fpl$dretinf)
    x$fpl$drleqf                             0x08003f30   Section      108  drleqf.o(x$fpl$drleqf)
    x$fpl$dsub                               0x08003f9c   Section      468  daddsub_clz.o(x$fpl$dsub)
    _dsub1                                   0x08003fad   Thumb Code     0  daddsub_clz.o(x$fpl$dsub)
    x$fpl$f2d                                0x08004170   Section       86  f2d.o(x$fpl$f2d)
    x$fpl$fcmpinf                            0x080041c6   Section       24  fcmpi.o(x$fpl$fcmpinf)
    x$fpl$fdiv                               0x080041e0   Section      388  fdiv.o(x$fpl$fdiv)
    _fdiv1                                   0x080041e1   Thumb Code     0  fdiv.o(x$fpl$fdiv)
    x$fpl$ffix                               0x08004364   Section       54  ffix.o(x$fpl$ffix)
    x$fpl$ffixu                              0x0800439c   Section       62  ffixu.o(x$fpl$ffixu)
    x$fpl$ffltu                              0x080043dc   Section       38  fflt_clz.o(x$fpl$ffltu)
    x$fpl$fleqf                              0x08004404   Section      104  fleqf.o(x$fpl$fleqf)
    x$fpl$fmul                               0x0800446c   Section      258  fmul.o(x$fpl$fmul)
    x$fpl$fnaninf                            0x0800456e   Section      140  fnaninf.o(x$fpl$fnaninf)
    x$fpl$fretinf                            0x080045fa   Section       10  fretinf.o(x$fpl$fretinf)
    x$fpl$frleqf                             0x08004604   Section       98  frleqf.o(x$fpl$frleqf)
    x$fpl$printf1                            0x08004666   Section        4  printf1.o(x$fpl$printf1)
    .constdata                               0x0800466a   Section     2072  oled_i2c.o(.constdata)
    x$fpl$usenofp                            0x0800466a   Section        0  usenofp.o(x$fpl$usenofp)
    .constdata                               0x08004e82   Section       17  __printf_flags_wp.o(.constdata)
    maptable                                 0x08004e82   Data          17  __printf_flags_wp.o(.constdata)
    .constdata                               0x08004e94   Section      148  bigflt0.o(.constdata)
    tenpwrs_x                                0x08004e94   Data          60  bigflt0.o(.constdata)
    tenpwrs_i                                0x08004ed0   Data          64  bigflt0.o(.constdata)
    locale$$data                             0x08004f48   Section       28  lc_numeric_c.o(locale$$data)
    __lcnum_c_name                           0x08004f4c   Data           2  lc_numeric_c.o(locale$$data)
    __lcnum_c_start                          0x08004f54   Data           0  lc_numeric_c.o(locale$$data)
    __lcnum_c_point                          0x08004f60   Data           0  lc_numeric_c.o(locale$$data)
    __lcnum_c_thousands                      0x08004f62   Data           0  lc_numeric_c.o(locale$$data)
    __lcnum_c_grouping                       0x08004f63   Data           0  lc_numeric_c.o(locale$$data)
    __lcnum_c_end                            0x08004f64   Data           0  lc_numeric_c.o(locale$$data)
    .data                                    0x20000000   Section       20  stm32f10x_rcc.o(.data)
    APBAHBPrescTable                         0x20000000   Data          16  stm32f10x_rcc.o(.data)
    ADCPrescTable                            0x20000010   Data           4  stm32f10x_rcc.o(.data)
    .data                                    0x20000014   Section      320  oled_i2c.o(.data)
    .data                                    0x20000154   Section       36  main.o(.data)
    .data                                    0x20000178   Section       20  system_stm32f10x.o(.data)
    .data                                    0x2000018c   Section       12  delay.o(.data)
    fac_us                                   0x2000018c   Data           1  delay.o(.data)
    fac_ms                                   0x2000018e   Data           2  delay.o(.data)
    time1                                    0x20000190   Data           4  delay.o(.data)
    time2                                    0x20000194   Data           4  delay.o(.data)
    .data                                    0x20000198   Section        8  usart1.o(.data)
    .data                                    0x200001a0   Section        4  usart3.o(.data)
    .bss                                     0x200001a4   Section       28  main.o(.bss)
    .bss                                     0x200001c0   Section       28  system_stm32f10x.o(.bss)
    .bss                                     0x200001dc   Section       48  usart1.o(.bss)
    .bss                                     0x2000020c   Section       80  usart3.o(.bss)
    .bss                                     0x2000025c   Section       96  libspace.o(.bss)
    HEAP                                     0x200002c0   Section      512  startup_stm32f10x_md.o(HEAP)
    Heap_Mem                                 0x200002c0   Data         512  startup_stm32f10x_md.o(HEAP)
    STACK                                    0x200004c0   Section     1024  startup_stm32f10x_md.o(STACK)
    Stack_Mem                                0x200004c0   Data        1024  startup_stm32f10x_md.o(STACK)
    __initial_sp                             0x200008c0   Data           0  startup_stm32f10x_md.o(STACK)

    Global Symbols

    Symbol Name                              Value     Ov Type        Size  Object(Section)

    BuildAttributes$$THM_ISAv4$P$D$K$B$S$PE$A:L22UL41UL21$X:L11$S22US41US21$IEEE1$IW$USESV6$~STKCKD$USESV7$~SHL$OTIME$ROPI$IEEEJ$EBA8$UX$STANDARDLIB$REQ8$PRES8$EABIv2 0x00000000   Number         0  anon$$obj.o ABSOLUTE
    __ARM_use_no_argv                        0x00000000   Number         0  main.o ABSOLUTE
    _printf_flags                            0x00000000   Number         0  printf_stubs.o ABSOLUTE
    _printf_return_value                     0x00000000   Number         0  printf_stubs.o ABSOLUTE
    _printf_sizespec                         0x00000000   Number         0  printf_stubs.o ABSOLUTE
    _printf_widthprec                        0x00000000   Number         0  printf_stubs.o ABSOLUTE
    __ARM_exceptions_init                     - Undefined Weak Reference
    __alloca_initialize                       - Undefined Weak Reference
    __arm_preinit_                            - Undefined Weak Reference
    __cpp_initialize__aeabi_                  - Undefined Weak Reference
    __cxa_finalize                            - Undefined Weak Reference
    __sigvec_lookup                           - Undefined Weak Reference
    _atexit_init                              - Undefined Weak Reference
    _call_atexit_fns                          - Undefined Weak Reference
    _clock_init                               - Undefined Weak Reference
    _fp_trap_init                             - Undefined Weak Reference
    _fp_trap_shutdown                         - Undefined Weak Reference
    _get_lc_collate                           - Undefined Weak Reference
    _get_lc_ctype                             - Undefined Weak Reference
    _get_lc_monetary                          - Undefined Weak Reference
    _get_lc_time                              - Undefined Weak Reference
    _getenv_init                              - Undefined Weak Reference
    _handle_redirection                       - Undefined Weak Reference
    _init_alloc                               - Undefined Weak Reference
    _init_user_alloc                          - Undefined Weak Reference
    _initio                                   - Undefined Weak Reference
    _printf_truncate_signed                   - Undefined Weak Reference
    _printf_truncate_unsigned                 - Undefined Weak Reference
    _rand_init                                - Undefined Weak Reference
    _signal_finish                            - Undefined Weak Reference
    _signal_init                              - Undefined Weak Reference
    _terminate_alloc                          - Undefined Weak Reference
    _terminate_user_alloc                     - Undefined Weak Reference
    _terminateio                              - Undefined Weak Reference
    __Vectors_Size                           0x000000ec   Number         0  startup_stm32f10x_md.o ABSOLUTE
    __Vectors                                0x08000000   Data           4  startup_stm32f10x_md.o(RESET)
    __Vectors_End                            0x080000ec   Data           0  startup_stm32f10x_md.o(RESET)
    __main                                   0x080000ed   Thumb Code     8  __main.o(!!!main)
    __scatterload                            0x080000f5   Thumb Code     0  __scatter.o(!!!scatter)
    __scatterload_rt2                        0x080000f5   Thumb Code    44  __scatter.o(!!!scatter)
    __scatterload_rt2_thumb_only             0x080000f5   Thumb Code     0  __scatter.o(!!!scatter)
    __scatterload_null                       0x08000103   Thumb Code     0  __scatter.o(!!!scatter)
    __decompress                             0x08000129   Thumb Code    90  __dczerorl2.o(!!dczerorl2)
    __decompress1                            0x08000129   Thumb Code     0  __dczerorl2.o(!!dczerorl2)
    __scatterload_zeroinit                   0x08000185   Thumb Code    28  __scatter_zi.o(!!handler_zi)
    _printf_f                                0x080001a1   Thumb Code     0  _printf_f.o(.ARM.Collect$$_printf_percent$$00000003)
    _printf_percent                          0x080001a1   Thumb Code     0  _printf_percent.o(.ARM.Collect$$_printf_percent$$00000000)
    _printf_d                                0x080001a7   Thumb Code     0  _printf_d.o(.ARM.Collect$$_printf_percent$$00000009)
    _printf_percent_end                      0x080001ad   Thumb Code     0  _printf_percent_end.o(.ARM.Collect$$_printf_percent$$00000017)
    __rt_lib_init                            0x080001b1   Thumb Code     0  libinit.o(.ARM.Collect$$libinit$$00000000)
    __rt_lib_init_fp_1                       0x080001b3   Thumb Code     0  libinit2.o(.ARM.Collect$$libinit$$00000002)
    __rt_lib_init_heap_1                     0x080001b3   Thumb Code     0  libinit2.o(.ARM.Collect$$libinit$$0000000A)
    __rt_lib_init_lc_common                  0x080001b3   Thumb Code     0  libinit2.o(.ARM.Collect$$libinit$$0000000F)
    __rt_lib_init_preinit_1                  0x080001b3   Thumb Code     0  libinit2.o(.ARM.Collect$$libinit$$00000004)
    __rt_lib_init_rand_1                     0x080001b3   Thumb Code     0  libinit2.o(.ARM.Collect$$libinit$$0000000E)
    __rt_lib_init_user_alloc_1               0x080001b3   Thumb Code     0  libinit2.o(.ARM.Collect$$libinit$$0000000C)
    __rt_lib_init_lc_collate_1               0x080001b9   Thumb Code     0  libinit2.o(.ARM.Collect$$libinit$$00000011)
    __rt_lib_init_lc_ctype_1                 0x080001b9   Thumb Code     0  libinit2.o(.ARM.Collect$$libinit$$00000013)
    __rt_lib_init_lc_monetary_1              0x080001b9   Thumb Code     0  libinit2.o(.ARM.Collect$$libinit$$00000015)
    __rt_lib_init_lc_numeric_2               0x080001b9   Thumb Code     0  libinit2.o(.ARM.Collect$$libinit$$00000016)
    __rt_lib_init_alloca_1                   0x080001c3   Thumb Code     0  libinit2.o(.ARM.Collect$$libinit$$0000002E)
    __rt_lib_init_argv_1                     0x080001c3   Thumb Code     0  libinit2.o(.ARM.Collect$$libinit$$0000002C)
    __rt_lib_init_atexit_1                   0x080001c3   Thumb Code     0  libinit2.o(.ARM.Collect$$libinit$$0000001B)
    __rt_lib_init_clock_1                    0x080001c3   Thumb Code     0  libinit2.o(.ARM.Collect$$libinit$$00000021)
    __rt_lib_init_cpp_1                      0x080001c3   Thumb Code     0  libinit2.o(.ARM.Collect$$libinit$$00000032)
    __rt_lib_init_exceptions_1               0x080001c3   Thumb Code     0  libinit2.o(.ARM.Collect$$libinit$$00000030)
    __rt_lib_init_fp_trap_1                  0x080001c3   Thumb Code     0  libinit2.o(.ARM.Collect$$libinit$$0000001F)
    __rt_lib_init_getenv_1                   0x080001c3   Thumb Code     0  libinit2.o(.ARM.Collect$$libinit$$00000023)
    __rt_lib_init_lc_numeric_1               0x080001c3   Thumb Code     0  libinit2.o(.ARM.Collect$$libinit$$00000017)
    __rt_lib_init_lc_time_1                  0x080001c3   Thumb Code     0  libinit2.o(.ARM.Collect$$libinit$$00000019)
    __rt_lib_init_return                     0x080001c3   Thumb Code     0  libinit2.o(.ARM.Collect$$libinit$$00000033)
    __rt_lib_init_signal_1                   0x080001c3   Thumb Code     0  libinit2.o(.ARM.Collect$$libinit$$0000001D)
    __rt_lib_init_stdio_1                    0x080001c3   Thumb Code     0  libinit2.o(.ARM.Collect$$libinit$$00000025)
    __rt_lib_shutdown                        0x080001c5   Thumb Code     0  libshutdown.o(.ARM.Collect$$libshutdown$$00000000)
    __rt_lib_shutdown_fp_trap_1              0x080001c7   Thumb Code     0  libshutdown2.o(.ARM.Collect$$libshutdown$$00000006)
    __rt_lib_shutdown_heap_1                 0x080001c7   Thumb Code     0  libshutdown2.o(.ARM.Collect$$libshutdown$$0000000E)
    __rt_lib_shutdown_return                 0x080001c7   Thumb Code     0  libshutdown2.o(.ARM.Collect$$libshutdown$$0000000F)
    __rt_lib_shutdown_signal_1               0x080001c7   Thumb Code     0  libshutdown2.o(.ARM.Collect$$libshutdown$$00000009)
    __rt_lib_shutdown_stdio_1                0x080001c7   Thumb Code     0  libshutdown2.o(.ARM.Collect$$libshutdown$$00000003)
    __rt_lib_shutdown_user_alloc_1           0x080001c7   Thumb Code     0  libshutdown2.o(.ARM.Collect$$libshutdown$$0000000B)
    __rt_entry                               0x080001c9   Thumb Code     0  __rtentry.o(.ARM.Collect$$rtentry$$00000000)
    __rt_entry_presh_1                       0x080001c9   Thumb Code     0  __rtentry2.o(.ARM.Collect$$rtentry$$00000002)
    __rt_entry_sh                            0x080001c9   Thumb Code     0  __rtentry4.o(.ARM.Collect$$rtentry$$00000004)
    __rt_entry_li                            0x080001cf   Thumb Code     0  __rtentry2.o(.ARM.Collect$$rtentry$$0000000A)
    __rt_entry_postsh_1                      0x080001cf   Thumb Code     0  __rtentry2.o(.ARM.Collect$$rtentry$$00000009)
    __rt_entry_main                          0x080001d3   Thumb Code     0  __rtentry2.o(.ARM.Collect$$rtentry$$0000000D)
    __rt_entry_postli_1                      0x080001d3   Thumb Code     0  __rtentry2.o(.ARM.Collect$$rtentry$$0000000C)
    __rt_exit                                0x080001db   Thumb Code     0  rtexit.o(.ARM.Collect$$rtexit$$00000000)
    __rt_exit_ls                             0x080001dd   Thumb Code     0  rtexit2.o(.ARM.Collect$$rtexit$$00000003)
    __rt_exit_prels_1                        0x080001dd   Thumb Code     0  rtexit2.o(.ARM.Collect$$rtexit$$00000002)
    __rt_exit_exit                           0x080001e1   Thumb Code     0  rtexit2.o(.ARM.Collect$$rtexit$$00000004)
    Reset_Handler                            0x080001e9   Thumb Code     8  startup_stm32f10x_md.o(.text)
    ADC1_2_IRQHandler                        0x08000203   Thumb Code     0  startup_stm32f10x_md.o(.text)
    CAN1_RX1_IRQHandler                      0x08000203   Thumb Code     0  startup_stm32f10x_md.o(.text)
    CAN1_SCE_IRQHandler                      0x08000203   Thumb Code     0  startup_stm32f10x_md.o(.text)
    DMA1_Channel1_IRQHandler                 0x08000203   Thumb Code     0  startup_stm32f10x_md.o(.text)
    DMA1_Channel2_IRQHandler                 0x08000203   Thumb Code     0  startup_stm32f10x_md.o(.text)
    DMA1_Channel3_IRQHandler                 0x08000203   Thumb Code     0  startup_stm32f10x_md.o(.text)
    DMA1_Channel4_IRQHandler                 0x08000203   Thumb Code     0  startup_stm32f10x_md.o(.text)
    DMA1_Channel5_IRQHandler                 0x08000203   Thumb Code     0  startup_stm32f10x_md.o(.text)
    DMA1_Channel6_IRQHandler                 0x08000203   Thumb Code     0  startup_stm32f10x_md.o(.text)
    DMA1_Channel7_IRQHandler                 0x08000203   Thumb Code     0  startup_stm32f10x_md.o(.text)
    EXTI0_IRQHandler                         0x08000203   Thumb Code     0  startup_stm32f10x_md.o(.text)
    EXTI15_10_IRQHandler                     0x08000203   Thumb Code     0  startup_stm32f10x_md.o(.text)
    EXTI1_IRQHandler                         0x08000203   Thumb Code     0  startup_stm32f10x_md.o(.text)
    EXTI2_IRQHandler                         0x08000203   Thumb Code     0  startup_stm32f10x_md.o(.text)
    EXTI3_IRQHandler                         0x08000203   Thumb Code     0  startup_stm32f10x_md.o(.text)
    EXTI4_IRQHandler                         0x08000203   Thumb Code     0  startup_stm32f10x_md.o(.text)
    EXTI9_5_IRQHandler                       0x08000203   Thumb Code     0  startup_stm32f10x_md.o(.text)
    FLASH_IRQHandler                         0x08000203   Thumb Code     0  startup_stm32f10x_md.o(.text)
    I2C1_ER_IRQHandler                       0x08000203   Thumb Code     0  startup_stm32f10x_md.o(.text)
    I2C1_EV_IRQHandler                       0x08000203   Thumb Code     0  startup_stm32f10x_md.o(.text)
    I2C2_ER_IRQHandler                       0x08000203   Thumb Code     0  startup_stm32f10x_md.o(.text)
    I2C2_EV_IRQHandler                       0x08000203   Thumb Code     0  startup_stm32f10x_md.o(.text)
    PVD_IRQHandler                           0x08000203   Thumb Code     0  startup_stm32f10x_md.o(.text)
    RCC_IRQHandler                           0x08000203   Thumb Code     0  startup_stm32f10x_md.o(.text)
    RTCAlarm_IRQHandler                      0x08000203   Thumb Code     0  startup_stm32f10x_md.o(.text)
    RTC_IRQHandler                           0x08000203   Thumb Code     0  startup_stm32f10x_md.o(.text)
    SPI1_IRQHandler                          0x08000203   Thumb Code     0  startup_stm32f10x_md.o(.text)
    SPI2_IRQHandler                          0x08000203   Thumb Code     0  startup_stm32f10x_md.o(.text)
    TAMPER_IRQHandler                        0x08000203   Thumb Code     0  startup_stm32f10x_md.o(.text)
    TIM1_BRK_IRQHandler                      0x08000203   Thumb Code     0  startup_stm32f10x_md.o(.text)
    TIM1_CC_IRQHandler                       0x08000203   Thumb Code     0  startup_stm32f10x_md.o(.text)
    TIM1_TRG_COM_IRQHandler                  0x08000203   Thumb Code     0  startup_stm32f10x_md.o(.text)
    TIM1_UP_IRQHandler                       0x08000203   Thumb Code     0  startup_stm32f10x_md.o(.text)
    TIM2_IRQHandler                          0x08000203   Thumb Code     0  startup_stm32f10x_md.o(.text)
    TIM3_IRQHandler                          0x08000203   Thumb Code     0  startup_stm32f10x_md.o(.text)
    TIM4_IRQHandler                          0x08000203   Thumb Code     0  startup_stm32f10x_md.o(.text)
    USART2_IRQHandler                        0x08000203   Thumb Code     0  startup_stm32f10x_md.o(.text)
    USBWakeUp_IRQHandler                     0x08000203   Thumb Code     0  startup_stm32f10x_md.o(.text)
    USB_HP_CAN1_TX_IRQHandler                0x08000203   Thumb Code     0  startup_stm32f10x_md.o(.text)
    USB_LP_CAN1_RX0_IRQHandler               0x08000203   Thumb Code     0  startup_stm32f10x_md.o(.text)
    WWDG_IRQHandler                          0x08000203   Thumb Code     0  startup_stm32f10x_md.o(.text)
    __user_initial_stackheap                 0x08000205   Thumb Code     0  startup_stm32f10x_md.o(.text)
    __use_no_semihosting                     0x08000229   Thumb Code     2  use_no_semi_2.o(.text)
    __2sprintf                               0x0800022d   Thumb Code    34  noretval__2sprintf.o(.text)
    _printf_pre_padding                      0x08000255   Thumb Code    44  _printf_pad.o(.text)
    _printf_post_padding                     0x08000281   Thumb Code    34  _printf_pad.o(.text)
    _printf_int_dec                          0x080002a5   Thumb Code   104  _printf_dec.o(.text)
    __printf                                 0x0800031d   Thumb Code   308  __printf_flags_wp.o(.text)
    __aeabi_memcpy4                          0x08000455   Thumb Code     0  rt_memcpy_w.o(.text)
    __aeabi_memcpy8                          0x08000455   Thumb Code     0  rt_memcpy_w.o(.text)
    __rt_memcpy_w                            0x08000455   Thumb Code   100  rt_memcpy_w.o(.text)
    _memcpy_lastbytes_aligned                0x0800049d   Thumb Code     0  rt_memcpy_w.o(.text)
    __aeabi_memclr                           0x080004b9   Thumb Code     0  rt_memclr.o(.text)
    __rt_memclr                              0x080004b9   Thumb Code    68  rt_memclr.o(.text)
    _memset                                  0x080004bd   Thumb Code     0  rt_memclr.o(.text)
    __use_two_region_memory                  0x080004fd   Thumb Code     2  heapauxi.o(.text)
    __rt_heap_escrow$2region                 0x080004ff   Thumb Code     2  heapauxi.o(.text)
    __rt_heap_expand$2region                 0x08000501   Thumb Code     2  heapauxi.o(.text)
    __I$use$semihosting                      0x08000503   Thumb Code     0  use_no_semi.o(.text)
    __use_no_semihosting_swi                 0x08000503   Thumb Code     2  use_no_semi.o(.text)
    _printf_int_common                       0x08000505   Thumb Code   178  _printf_intcommon.o(.text)
    __lib_sel_fp_printf                      0x080005b7   Thumb Code     2  _printf_fp_dec.o(.text)
    _printf_fp_dec_real                      0x08000765   Thumb Code   620  _printf_fp_dec.o(.text)
    _printf_char_common                      0x080009db   Thumb Code    32  _printf_char_common.o(.text)
    _sputc                                   0x08000a01   Thumb Code    10  _sputc.o(.text)
    __aeabi_memclr4                          0x08000a0b   Thumb Code     0  rt_memclr_w.o(.text)
    __aeabi_memclr8                          0x08000a0b   Thumb Code     0  rt_memclr_w.o(.text)
    __rt_memclr_w                            0x08000a0b   Thumb Code    78  rt_memclr_w.o(.text)
    _memset_w                                0x08000a0f   Thumb Code     0  rt_memclr_w.o(.text)
    __rt_locale                              0x08000a59   Thumb Code     8  rt_locale_intlibspace.o(.text)
    _ll_udiv10                               0x08000a61   Thumb Code   138  lludiv10.o(.text)
    _printf_fp_infnan                        0x08000aed   Thumb Code   112  _printf_fp_infnan.o(.text)
    _btod_etento                             0x08000b6d   Thumb Code   216  bigflt0.o(.text)
    __user_libspace                          0x08000c49   Thumb Code     8  libspace.o(.text)
    __user_perproc_libspace                  0x08000c49   Thumb Code     0  libspace.o(.text)
    __user_perthread_libspace                0x08000c49   Thumb Code     0  libspace.o(.text)
    __user_setup_stackheap                   0x08000c51   Thumb Code    74  sys_stackheap_outer.o(.text)
    exit                                     0x08000c9b   Thumb Code    12  exit.o(.text)
    strcmp                                   0x08000ca9   Thumb Code   128  strcmpv7m.o(.text)
    _btod_d2e                                0x08000d29   Thumb Code    62  btod.o(CL$$btod_d2e)
    _d2e_denorm_low                          0x08000d67   Thumb Code    70  btod.o(CL$$btod_d2e_denorm_low)
    _d2e_norm_op1                            0x08000dad   Thumb Code    96  btod.o(CL$$btod_d2e_norm_op1)
    __btod_div_common                        0x08000e0d   Thumb Code   696  btod.o(CL$$btod_div_common)
    _e2e                                     0x08001145   Thumb Code   198  btod.o(CL$$btod_e2e)
    _btod_ediv                               0x0800120b   Thumb Code    40  btod.o(CL$$btod_ediv)
    _btod_emul                               0x08001233   Thumb Code    40  btod.o(CL$$btod_emul)
    __btod_mult_common                       0x0800125b   Thumb Code   580  btod.o(CL$$btod_mult_common)
    ADC_Cmd                                  0x0800149f   Thumb Code    22  stm32f10x_adc.o(i.ADC_Cmd)
    ADC_DeInit                               0x080014b5   Thumb Code    78  stm32f10x_adc.o(i.ADC_DeInit)
    ADC_GetCalibrationStatus                 0x08001511   Thumb Code    20  stm32f10x_adc.o(i.ADC_GetCalibrationStatus)
    ADC_GetConversionValue                   0x08001525   Thumb Code     8  stm32f10x_adc.o(i.ADC_GetConversionValue)
    ADC_GetFlagStatus                        0x0800152d   Thumb Code    18  stm32f10x_adc.o(i.ADC_GetFlagStatus)
    ADC_GetResetCalibrationStatus            0x0800153f   Thumb Code    20  stm32f10x_adc.o(i.ADC_GetResetCalibrationStatus)
    ADC_Init                                 0x08001555   Thumb Code    70  stm32f10x_adc.o(i.ADC_Init)
    ADC_RegularChannelConfig                 0x080015a5   Thumb Code   184  stm32f10x_adc.o(i.ADC_RegularChannelConfig)
    ADC_ResetCalibration                     0x0800165d   Thumb Code    10  stm32f10x_adc.o(i.ADC_ResetCalibration)
    ADC_SoftwareStartConvCmd                 0x08001667   Thumb Code    22  stm32f10x_adc.o(i.ADC_SoftwareStartConvCmd)
    ADC_StartCalibration                     0x0800167d   Thumb Code    10  stm32f10x_adc.o(i.ADC_StartCalibration)
    Adc_Init                                 0x08001689   Thumb Code   132  adc.o(i.Adc_Init)
    BusFault_Handler                         0x08001715   Thumb Code     4  stm32f10x_it.o(i.BusFault_Handler)
    DS18B20_GPIO_Init                        0x08001719   Thumb Code    50  ds18b20.o(i.DS18B20_GPIO_Init)
    DS18B20_Init                             0x08001751   Thumb Code   170  ds18b20.o(i.DS18B20_Init)
    DS18B20_ReadByte                         0x08001801   Thumb Code   124  ds18b20.o(i.DS18B20_ReadByte)
    DS18B20_WriteByte                        0x08001881   Thumb Code   122  ds18b20.o(i.DS18B20_WriteByte)
    DebugMon_Handler                         0x08001901   Thumb Code     2  stm32f10x_it.o(i.DebugMon_Handler)
    GPIO_Init                                0x08001903   Thumb Code   278  stm32f10x_gpio.o(i.GPIO_Init)
    GPIO_PinRemapConfig                      0x08001a19   Thumb Code   138  stm32f10x_gpio.o(i.GPIO_PinRemapConfig)
    GPIO_ReadInputDataBit                    0x08001aa9   Thumb Code    18  stm32f10x_gpio.o(i.GPIO_ReadInputDataBit)
    GPIO_ResetBits                           0x08001abb   Thumb Code     4  stm32f10x_gpio.o(i.GPIO_ResetBits)
    GPIO_SetBits                             0x08001abf   Thumb Code     4  stm32f10x_gpio.o(i.GPIO_SetBits)
    Get_Adc                                  0x08001ac5   Thumb Code    46  adc.o(i.Get_Adc)
    Get_Adc_Average                          0x08001af9   Thumb Code    46  adc.o(i.Get_Adc_Average)
    Get_PH                                   0x08001b29   Thumb Code   308  main.o(i.Get_PH)
    Get_TDS                                  0x08001c99   Thumb Code    92  main.o(i.Get_TDS)
    Get_Turbidity                            0x08001d09   Thumb Code   226  main.o(i.Get_Turbidity)
    HardFault_Handler                        0x08001e19   Thumb Code     4  stm32f10x_it.o(i.HardFault_Handler)
    I2C_Configuration                        0x08001e1d   Thumb Code     8  oled_i2c.o(i.I2C_Configuration)
    I2C_WriteByte                            0x08001e25   Thumb Code    46  oled_i2c.o(i.I2C_WriteByte)
    InitDisplay                              0x08001e55   Thumb Code   120  main.o(i.InitDisplay)
    KEY_GPIO_Init                            0x08001ed9   Thumb Code    76  gpio.o(i.KEY_GPIO_Init)
    MemManage_Handler                        0x08001f2d   Thumb Code     4  stm32f10x_it.o(i.MemManage_Handler)
    NMI_Handler                              0x08001f31   Thumb Code     2  stm32f10x_it.o(i.NMI_Handler)
    NVIC_Configuration                       0x08001f33   Thumb Code    12  sys.o(i.NVIC_Configuration)
    NVIC_Init                                0x08001f41   Thumb Code   100  misc.o(i.NVIC_Init)
    NVIC_PriorityGroupConfig                 0x08001fb1   Thumb Code    10  misc.o(i.NVIC_PriorityGroupConfig)
    OLED_CLS                                 0x08001fc5   Thumb Code    10  oled_i2c.o(i.OLED_CLS)
    OLED_Fill                                0x08001fcf   Thumb Code    58  oled_i2c.o(i.OLED_Fill)
    OLED_Init                                0x08002009   Thumb Code   178  oled_i2c.o(i.OLED_Init)
    OLED_SetPos                              0x080020bb   Thumb Code    40  oled_i2c.o(i.OLED_SetPos)
    OLED_ShowCN                              0x080020e5   Thumb Code   120  oled_i2c.o(i.OLED_ShowCN)
    OLED_ShowCentigrade                      0x08002161   Thumb Code    86  oled_i2c.o(i.OLED_ShowCentigrade)
    OLED_ShowChar                            0x080021d1   Thumb Code   240  oled_i2c.o(i.OLED_ShowChar)
    OLED_ShowStr                             0x080022c9   Thumb Code   312  oled_i2c.o(i.OLED_ShowStr)
    PendSV_Handler                           0x08002409   Thumb Code     2  stm32f10x_it.o(i.PendSV_Handler)
    RCC_ADCCLKConfig                         0x0800240d   Thumb Code    18  stm32f10x_rcc.o(i.RCC_ADCCLKConfig)
    RCC_APB1PeriphClockCmd                   0x08002425   Thumb Code    26  stm32f10x_rcc.o(i.RCC_APB1PeriphClockCmd)
    RCC_APB1PeriphResetCmd                   0x08002445   Thumb Code    26  stm32f10x_rcc.o(i.RCC_APB1PeriphResetCmd)
    RCC_APB2PeriphClockCmd                   0x08002465   Thumb Code    26  stm32f10x_rcc.o(i.RCC_APB2PeriphClockCmd)
    RCC_APB2PeriphResetCmd                   0x08002485   Thumb Code    26  stm32f10x_rcc.o(i.RCC_APB2PeriphResetCmd)
    RCC_GetClocksFreq                        0x080024a5   Thumb Code   192  stm32f10x_rcc.o(i.RCC_GetClocksFreq)
    ReadTemperature                          0x08002579   Thumb Code    94  ds18b20.o(i.ReadTemperature)
    STM32F10x_Read                           0x080025dd   Thumb Code    34  stm32f10x_flash.o(i.STM32F10x_Read)
    STMFLASH_ReadHalfWord                    0x080025ff   Thumb Code     6  stm32f10x_flash.o(i.STMFLASH_ReadHalfWord)
    SVC_Handler                              0x08002605   Thumb Code     2  stm32f10x_it.o(i.SVC_Handler)
    SysTick_CLKSourceConfig                  0x080026f1   Thumb Code   146  misc.o(i.SysTick_CLKSourceConfig)
    SysTick_Handler                          0x08002791   Thumb Code     2  stm32f10x_it.o(i.SysTick_Handler)
    SystemInit                               0x08002795   Thumb Code    78  system_stm32f10x.o(i.SystemInit)
    USART1_IRQHandler                        0x080027f5   Thumb Code    64  usart1.o(i.USART1_IRQHandler)
    USART3_IRQHandler                        0x08002841   Thumb Code    84  usart3.o(i.USART3_IRQHandler)
    USART3_Init                              0x080028a1   Thumb Code   168  usart3.o(i.USART3_Init)
    USART3_Sned_Char                         0x08002951   Thumb Code    28  usart3.o(i.USART3_Sned_Char)
    USART_ClearFlag                          0x08002971   Thumb Code    18  stm32f10x_usart.o(i.USART_ClearFlag)
    USART_ClearITPendingBit                  0x08002983   Thumb Code    30  stm32f10x_usart.o(i.USART_ClearITPendingBit)
    USART_Cmd                                0x080029a1   Thumb Code    24  stm32f10x_usart.o(i.USART_Cmd)
    USART_DeInit                             0x080029b9   Thumb Code   134  stm32f10x_usart.o(i.USART_DeInit)
    USART_GetFlagStatus                      0x08002a55   Thumb Code    26  stm32f10x_usart.o(i.USART_GetFlagStatus)
    USART_GetITStatus                        0x08002a6f   Thumb Code    84  stm32f10x_usart.o(i.USART_GetITStatus)
    USART_ITConfig                           0x08002ac3   Thumb Code    74  stm32f10x_usart.o(i.USART_ITConfig)
    USART_Init                               0x08002b0d   Thumb Code   210  stm32f10x_usart.o(i.USART_Init)
    USART_ReceiveData                        0x08002be5   Thumb Code    10  stm32f10x_usart.o(i.USART_ReceiveData)
    USART_SendData                           0x08002bef   Thumb Code     8  stm32f10x_usart.o(i.USART_SendData)
    Uart3_SendStr                            0x08002bf7   Thumb Code    22  usart3.o(i.Uart3_SendStr)
    UsageFault_Handler                       0x08002c0d   Thumb Code     4  stm32f10x_it.o(i.UsageFault_Handler)
    Usart1RxBufClear                         0x08002c11   Thumb Code    18  main.o(i.Usart1RxBufClear)
    UsartSendData                            0x08002c2d   Thumb Code    98  main.o(i.UsartSendData)
    WriteCmd                                 0x08002cd5   Thumb Code    14  oled_i2c.o(i.WriteCmd)
    WriteDat                                 0x08002ce3   Thumb Code    14  oled_i2c.o(i.WriteDat)
    __ARM_fpclassify                         0x08002cf1   Thumb Code    40  fpclassify.o(i.__ARM_fpclassify)
    _is_digit                                0x08002d19   Thumb Code    14  __printf_wp.o(i._is_digit)
    _sys_exit                                0x08002d27   Thumb Code     6  usart1.o(i._sys_exit)
    bsp_InitI2C_2                            0x08002d2d   Thumb Code    60  oled_i2c.o(i.bsp_InitI2C_2)
    delay_init                               0x08002d6d   Thumb Code    50  delay.o(i.delay_init)
    delay_ms                                 0x08002db1   Thumb Code   126  delay.o(i.delay_ms)
    delay_us                                 0x08002e41   Thumb Code    72  delay.o(i.delay_us)
    displaySetValue                          0x08002e8d   Thumb Code   258  main.o(i.displaySetValue)
    i2c_SendByte_2                           0x08002fc9   Thumb Code    80  oled_i2c.o(i.i2c_SendByte_2)
    i2c_Start_2                              0x0800301d   Thumb Code    44  oled_i2c.o(i.i2c_Start_2)
    i2c_Stop_2                               0x0800304d   Thumb Code    36  oled_i2c.o(i.i2c_Stop_2)
    i2c_WaitAck_2                            0x08003075   Thumb Code    72  oled_i2c.o(i.i2c_WaitAck_2)
    keyscan                                  0x080030c1   Thumb Code   788  main.o(i.keyscan)
    main                                     0x08003419   Thumb Code   590  main.o(i.main)
    uart1_Init                               0x080036d9   Thumb Code   180  usart1.o(i.uart1_Init)
    uart1_send                               0x08003795   Thumb Code    76  usart1.o(i.uart1_send)
    _get_lc_numeric                          0x080037e5   Thumb Code    44  lc_numeric_c.o(locale$$code)
    __aeabi_d2f                              0x08003811   Thumb Code     0  d2f.o(x$fpl$d2f)
    _d2f                                     0x08003811   Thumb Code    98  d2f.o(x$fpl$d2f)
    __aeabi_dadd                             0x08003875   Thumb Code     0  daddsub_clz.o(x$fpl$dadd)
    _dadd                                    0x08003875   Thumb Code   332  daddsub_clz.o(x$fpl$dadd)
    __fpl_dcmp_Inf                           0x080039c5   Thumb Code    24  dcmpi.o(x$fpl$dcmpinf)
    __aeabi_ddiv                             0x080039dd   Thumb Code     0  ddiv.o(x$fpl$ddiv)
    _ddiv                                    0x080039dd   Thumb Code   552  ddiv.o(x$fpl$ddiv)
    __aeabi_i2d                              0x08003c8d   Thumb Code     0  dflt_clz.o(x$fpl$dflt)
    _dflt                                    0x08003c8d   Thumb Code    46  dflt_clz.o(x$fpl$dflt)
    __aeabi_cdcmple                          0x08003cbd   Thumb Code     0  dleqf.o(x$fpl$dleqf)
    _dcmple                                  0x08003cbd   Thumb Code   120  dleqf.o(x$fpl$dleqf)
    __fpl_dcmple_InfNaN                      0x08003d1f   Thumb Code     0  dleqf.o(x$fpl$dleqf)
    __aeabi_dmul                             0x08003d35   Thumb Code     0  dmul.o(x$fpl$dmul)
    _dmul                                    0x08003d35   Thumb Code   332  dmul.o(x$fpl$dmul)
    __fpl_dnaninf                            0x08003e89   Thumb Code   156  dnaninf.o(x$fpl$dnaninf)
    __fpl_dretinf                            0x08003f25   Thumb Code    12  dretinf.o(x$fpl$dretinf)
    __aeabi_cdrcmple                         0x08003f31   Thumb Code     0  drleqf.o(x$fpl$drleqf)
    _drcmple                                 0x08003f31   Thumb Code   108  drleqf.o(x$fpl$drleqf)
    __aeabi_dsub                             0x08003f9d   Thumb Code     0  daddsub_clz.o(x$fpl$dsub)
    _dsub                                    0x08003f9d   Thumb Code   464  daddsub_clz.o(x$fpl$dsub)
    __aeabi_f2d                              0x08004171   Thumb Code     0  f2d.o(x$fpl$f2d)
    _f2d                                     0x08004171   Thumb Code    86  f2d.o(x$fpl$f2d)
    __fpl_fcmp_Inf                           0x080041c7   Thumb Code    24  fcmpi.o(x$fpl$fcmpinf)
    __aeabi_fdiv                             0x080041e1   Thumb Code     0  fdiv.o(x$fpl$fdiv)
    _fdiv                                    0x080041e1   Thumb Code   384  fdiv.o(x$fpl$fdiv)
    __aeabi_f2iz                             0x08004365   Thumb Code     0  ffix.o(x$fpl$ffix)
    _ffix                                    0x08004365   Thumb Code    54  ffix.o(x$fpl$ffix)
    __aeabi_f2uiz                            0x0800439d   Thumb Code     0  ffixu.o(x$fpl$ffixu)
    _ffixu                                   0x0800439d   Thumb Code    62  ffixu.o(x$fpl$ffixu)
    __aeabi_ui2f                             0x080043dd   Thumb Code     0  fflt_clz.o(x$fpl$ffltu)
    _ffltu                                   0x080043dd   Thumb Code    38  fflt_clz.o(x$fpl$ffltu)
    __aeabi_cfcmple                          0x08004405   Thumb Code     0  fleqf.o(x$fpl$fleqf)
    _fcmple                                  0x08004405   Thumb Code   104  fleqf.o(x$fpl$fleqf)
    __fpl_fcmple_InfNaN                      0x08004457   Thumb Code     0  fleqf.o(x$fpl$fleqf)
    __aeabi_fmul                             0x0800446d   Thumb Code     0  fmul.o(x$fpl$fmul)
    _fmul                                    0x0800446d   Thumb Code   258  fmul.o(x$fpl$fmul)
    __fpl_fnaninf                            0x0800456f   Thumb Code   140  fnaninf.o(x$fpl$fnaninf)
    __fpl_fretinf                            0x080045fb   Thumb Code    10  fretinf.o(x$fpl$fretinf)
    __aeabi_cfrcmple                         0x08004605   Thumb Code     0  frleqf.o(x$fpl$frleqf)
    _frcmple                                 0x08004605   Thumb Code    98  frleqf.o(x$fpl$frleqf)
    _printf_fp_dec                           0x08004667   Thumb Code     4  printf1.o(x$fpl$printf1)
    F6x8                                     0x0800466a   Data         552  oled_i2c.o(.constdata)
    __I$use$fp                               0x0800466a   Number         0  usenofp.o(x$fpl$usenofp)
    F8X16                                    0x08004892   Data        1520  oled_i2c.o(.constdata)
    Region$$Table$$Base                      0x08004f28   Number         0  anon$$obj.o(Region$$Table)
    Region$$Table$$Limit                     0x08004f48   Number         0  anon$$obj.o(Region$$Table)
    F16x16                                   0x20000014   Data         320  oled_i2c.o(.data)
    temperature                              0x20000154   Data           2  main.o(.data)
    tempSetVal                               0x20000156   Data           1  main.o(.data)
    shuaxin                                  0x20000157   Data           1  main.o(.data)
    setFlag                                  0x20000158   Data           1  main.o(.data)
    cmd                                      0x20000159   Data           7  main.o(.data)
    tds_value                                0x20000160   Data           4  main.o(.data)
    tds_Max                                  0x20000164   Data           4  main.o(.data)
    PH                                       0x20000168   Data           4  main.o(.data)
    Ph_min                                   0x2000016c   Data           2  main.o(.data)
    Ph_max                                   0x2000016e   Data           2  main.o(.data)
    Turbidity                                0x20000170   Data           2  main.o(.data)
    TurSetMax                                0x20000172   Data           2  main.o(.data)
    avgValue                                 0x20000174   Data           4  main.o(.data)
    SystemCoreClock                          0x20000178   Data           4  system_stm32f10x.o(.data)
    AHBPrescTable                            0x2000017c   Data          16  system_stm32f10x.o(.data)
    RxCounter                                0x20000198   Data           4  usart1.o(.data)
    __stdout                                 0x2000019c   Data           4  usart1.o(.data)
    Rx3Counter                               0x200001a0   Data           4  usart3.o(.data)
    tdsBuf                                   0x200001a4   Data          12  main.o(.bss)
    display                                  0x200001b0   Data          16  main.o(.bss)
    SysTick_Info                             0x200001c0   Data          28  system_stm32f10x.o(.bss)
    Usart1RecBuf                             0x200001dc   Data          48  usart1.o(.bss)
    Usart3RecBuf                             0x2000020c   Data          80  usart3.o(.bss)
    __libspace_start                         0x2000025c   Data          96  libspace.o(.bss)
    __temporary_stack_top$libspace           0x200002bc   Data           0  libspace.o(.bss)



==============================================================================

Memory Map of the image

  Image Entry point : 0x080000ed

  Load Region LR_IROM1 (Base: 0x08000000, Size: 0x00005108, Max: 0x00010000, ABSOLUTE, COMPRESSED[0x00005058])

    Execution Region ER_IROM1 (Base: 0x08000000, Size: 0x00004f64, Max: 0x00010000, ABSOLUTE)

    Base Addr    Size         Type   Attr      Idx    E Section Name        Object

    0x08000000   0x000000ec   Data   RO           19    RESET               startup_stm32f10x_md.o
    0x080000ec   0x00000008   Code   RO         2362  * !!!main             c_w.l(__main.o)
    0x080000f4   0x00000034   Code   RO         2639    !!!scatter          c_w.l(__scatter.o)
    0x08000128   0x0000005a   Code   RO         2637    !!dczerorl2         c_w.l(__dczerorl2.o)
    0x08000182   0x00000002   PAD
    0x08000184   0x0000001c   Code   RO         2641    !!handler_zi        c_w.l(__scatter_zi.o)
    0x080001a0   0x00000000   Code   RO         2355    .ARM.Collect$$_printf_percent$$00000000  c_w.l(_printf_percent.o)
    0x080001a0   0x00000006   Code   RO         2354    .ARM.Collect$$_printf_percent$$00000003  c_w.l(_printf_f.o)
    0x080001a6   0x00000006   Code   RO         2353    .ARM.Collect$$_printf_percent$$00000009  c_w.l(_printf_d.o)
    0x080001ac   0x00000004   Code   RO         2427    .ARM.Collect$$_printf_percent$$00000017  c_w.l(_printf_percent_end.o)
    0x080001b0   0x00000002   Code   RO         2515    .ARM.Collect$$libinit$$00000000  c_w.l(libinit.o)
    0x080001b2   0x00000000   Code   RO         2517    .ARM.Collect$$libinit$$00000002  c_w.l(libinit2.o)
    0x080001b2   0x00000000   Code   RO         2519    .ARM.Collect$$libinit$$00000004  c_w.l(libinit2.o)
    0x080001b2   0x00000000   Code   RO         2522    .ARM.Collect$$libinit$$0000000A  c_w.l(libinit2.o)
    0x080001b2   0x00000000   Code   RO         2524    .ARM.Collect$$libinit$$0000000C  c_w.l(libinit2.o)
    0x080001b2   0x00000000   Code   RO         2526    .ARM.Collect$$libinit$$0000000E  c_w.l(libinit2.o)
    0x080001b2   0x00000006   Code   RO         2527    .ARM.Collect$$libinit$$0000000F  c_w.l(libinit2.o)
    0x080001b8   0x00000000   Code   RO         2529    .ARM.Collect$$libinit$$00000011  c_w.l(libinit2.o)
    0x080001b8   0x00000000   Code   RO         2531    .ARM.Collect$$libinit$$00000013  c_w.l(libinit2.o)
    0x080001b8   0x00000000   Code   RO         2533    .ARM.Collect$$libinit$$00000015  c_w.l(libinit2.o)
    0x080001b8   0x0000000a   Code   RO         2534    .ARM.Collect$$libinit$$00000016  c_w.l(libinit2.o)
    0x080001c2   0x00000000   Code   RO         2535    .ARM.Collect$$libinit$$00000017  c_w.l(libinit2.o)
    0x080001c2   0x00000000   Code   RO         2537    .ARM.Collect$$libinit$$00000019  c_w.l(libinit2.o)
    0x080001c2   0x00000000   Code   RO         2539    .ARM.Collect$$libinit$$0000001B  c_w.l(libinit2.o)
    0x080001c2   0x00000000   Code   RO         2541    .ARM.Collect$$libinit$$0000001D  c_w.l(libinit2.o)
    0x080001c2   0x00000000   Code   RO         2543    .ARM.Collect$$libinit$$0000001F  c_w.l(libinit2.o)
    0x080001c2   0x00000000   Code   RO         2545    .ARM.Collect$$libinit$$00000021  c_w.l(libinit2.o)
    0x080001c2   0x00000000   Code   RO         2547    .ARM.Collect$$libinit$$00000023  c_w.l(libinit2.o)
    0x080001c2   0x00000000   Code   RO         2549    .ARM.Collect$$libinit$$00000025  c_w.l(libinit2.o)
    0x080001c2   0x00000000   Code   RO         2553    .ARM.Collect$$libinit$$0000002C  c_w.l(libinit2.o)
    0x080001c2   0x00000000   Code   RO         2555    .ARM.Collect$$libinit$$0000002E  c_w.l(libinit2.o)
    0x080001c2   0x00000000   Code   RO         2557    .ARM.Collect$$libinit$$00000030  c_w.l(libinit2.o)
    0x080001c2   0x00000000   Code   RO         2559    .ARM.Collect$$libinit$$00000032  c_w.l(libinit2.o)
    0x080001c2   0x00000002   Code   RO         2560    .ARM.Collect$$libinit$$00000033  c_w.l(libinit2.o)
    0x080001c4   0x00000002   Code   RO         2588    .ARM.Collect$$libshutdown$$00000000  c_w.l(libshutdown.o)
    0x080001c6   0x00000000   Code   RO         2598    .ARM.Collect$$libshutdown$$00000003  c_w.l(libshutdown2.o)
    0x080001c6   0x00000000   Code   RO         2601    .ARM.Collect$$libshutdown$$00000006  c_w.l(libshutdown2.o)
    0x080001c6   0x00000000   Code   RO         2604    .ARM.Collect$$libshutdown$$00000009  c_w.l(libshutdown2.o)
    0x080001c6   0x00000000   Code   RO         2606    .ARM.Collect$$libshutdown$$0000000B  c_w.l(libshutdown2.o)
    0x080001c6   0x00000000   Code   RO         2609    .ARM.Collect$$libshutdown$$0000000E  c_w.l(libshutdown2.o)
    0x080001c6   0x00000002   Code   RO         2610    .ARM.Collect$$libshutdown$$0000000F  c_w.l(libshutdown2.o)
    0x080001c8   0x00000000   Code   RO         2418    .ARM.Collect$$rtentry$$00000000  c_w.l(__rtentry.o)
    0x080001c8   0x00000000   Code   RO         2444    .ARM.Collect$$rtentry$$00000002  c_w.l(__rtentry2.o)
    0x080001c8   0x00000006   Code   RO         2456    .ARM.Collect$$rtentry$$00000004  c_w.l(__rtentry4.o)
    0x080001ce   0x00000000   Code   RO         2446    .ARM.Collect$$rtentry$$00000009  c_w.l(__rtentry2.o)
    0x080001ce   0x00000004   Code   RO         2447    .ARM.Collect$$rtentry$$0000000A  c_w.l(__rtentry2.o)
    0x080001d2   0x00000000   Code   RO         2449    .ARM.Collect$$rtentry$$0000000C  c_w.l(__rtentry2.o)
    0x080001d2   0x00000008   Code   RO         2450    .ARM.Collect$$rtentry$$0000000D  c_w.l(__rtentry2.o)
    0x080001da   0x00000002   Code   RO         2561    .ARM.Collect$$rtexit$$00000000  c_w.l(rtexit.o)
    0x080001dc   0x00000000   Code   RO         2568    .ARM.Collect$$rtexit$$00000002  c_w.l(rtexit2.o)
    0x080001dc   0x00000004   Code   RO         2569    .ARM.Collect$$rtexit$$00000003  c_w.l(rtexit2.o)
    0x080001e0   0x00000006   Code   RO         2570    .ARM.Collect$$rtexit$$00000004  c_w.l(rtexit2.o)
    0x080001e6   0x00000002   PAD
    0x080001e8   0x00000040   Code   RO           20    .text               startup_stm32f10x_md.o
    0x08000228   0x00000002   Code   RO         2321    .text               c_w.l(use_no_semi_2.o)
    0x0800022a   0x00000002   PAD
    0x0800022c   0x00000028   Code   RO         2325    .text               c_w.l(noretval__2sprintf.o)
    0x08000254   0x0000004e   Code   RO         2329    .text               c_w.l(_printf_pad.o)
    0x080002a2   0x00000002   PAD
    0x080002a4   0x00000078   Code   RO         2331    .text               c_w.l(_printf_dec.o)
    0x0800031c   0x00000138   Code   RO         2345    .text               c_w.l(__printf_flags_wp.o)
    0x08000454   0x00000064   Code   RO         2356    .text               c_w.l(rt_memcpy_w.o)
    0x080004b8   0x00000044   Code   RO         2358    .text               c_w.l(rt_memclr.o)
    0x080004fc   0x00000006   Code   RO         2360    .text               c_w.l(heapauxi.o)
    0x08000502   0x00000002   Code   RO         2416    .text               c_w.l(use_no_semi.o)
    0x08000504   0x000000b2   Code   RO         2419    .text               c_w.l(_printf_intcommon.o)
    0x080005b6   0x0000041a   Code   RO         2421    .text               c_w.l(_printf_fp_dec.o)
    0x080009d0   0x00000030   Code   RO         2423    .text               c_w.l(_printf_char_common.o)
    0x08000a00   0x0000000a   Code   RO         2425    .text               c_w.l(_sputc.o)
    0x08000a0a   0x0000004e   Code   RO         2428    .text               c_w.l(rt_memclr_w.o)
    0x08000a58   0x00000008   Code   RO         2461    .text               c_w.l(rt_locale_intlibspace.o)
    0x08000a60   0x0000008a   Code   RO         2463    .text               c_w.l(lludiv10.o)
    0x08000aea   0x00000002   PAD
    0x08000aec   0x00000080   Code   RO         2465    .text               c_w.l(_printf_fp_infnan.o)
    0x08000b6c   0x000000dc   Code   RO         2469    .text               c_w.l(bigflt0.o)
    0x08000c48   0x00000008   Code   RO         2501    .text               c_w.l(libspace.o)
    0x08000c50   0x0000004a   Code   RO         2504    .text               c_w.l(sys_stackheap_outer.o)
    0x08000c9a   0x0000000c   Code   RO         2506    .text               c_w.l(exit.o)
    0x08000ca6   0x00000002   PAD
    0x08000ca8   0x00000080   Code   RO         2508    .text               c_w.l(strcmpv7m.o)
    0x08000d28   0x0000003e   Code   RO         2472    CL$$btod_d2e        c_w.l(btod.o)
    0x08000d66   0x00000046   Code   RO         2474    CL$$btod_d2e_denorm_low  c_w.l(btod.o)
    0x08000dac   0x00000060   Code   RO         2473    CL$$btod_d2e_norm_op1  c_w.l(btod.o)
    0x08000e0c   0x00000338   Code   RO         2482    CL$$btod_div_common  c_w.l(btod.o)
    0x08001144   0x000000c6   Code   RO         2479    CL$$btod_e2e        c_w.l(btod.o)
    0x0800120a   0x00000028   Code   RO         2476    CL$$btod_ediv       c_w.l(btod.o)
    0x08001232   0x00000028   Code   RO         2475    CL$$btod_emul       c_w.l(btod.o)
    0x0800125a   0x00000244   Code   RO         2481    CL$$btod_mult_common  c_w.l(btod.o)
    0x0800149e   0x00000016   Code   RO          108    i.ADC_Cmd           stm32f10x_adc.o
    0x080014b4   0x0000005c   Code   RO          110    i.ADC_DeInit        stm32f10x_adc.o
    0x08001510   0x00000014   Code   RO          116    i.ADC_GetCalibrationStatus  stm32f10x_adc.o
    0x08001524   0x00000008   Code   RO          117    i.ADC_GetConversionValue  stm32f10x_adc.o
    0x0800152c   0x00000012   Code   RO          119    i.ADC_GetFlagStatus  stm32f10x_adc.o
    0x0800153e   0x00000014   Code   RO          122    i.ADC_GetResetCalibrationStatus  stm32f10x_adc.o
    0x08001552   0x00000002   PAD
    0x08001554   0x00000050   Code   RO          126    i.ADC_Init          stm32f10x_adc.o
    0x080015a4   0x000000b8   Code   RO          130    i.ADC_RegularChannelConfig  stm32f10x_adc.o
    0x0800165c   0x0000000a   Code   RO          131    i.ADC_ResetCalibration  stm32f10x_adc.o
    0x08001666   0x00000016   Code   RO          133    i.ADC_SoftwareStartConvCmd  stm32f10x_adc.o
    0x0800167c   0x0000000a   Code   RO          135    i.ADC_StartCalibration  stm32f10x_adc.o
    0x08001686   0x00000002   PAD
    0x08001688   0x0000008c   Code   RO         1932    i.Adc_Init          adc.o
    0x08001714   0x00000004   Code   RO         2041    i.BusFault_Handler  stm32f10x_it.o
    0x08001718   0x00000038   Code   RO         1893    i.DS18B20_GPIO_Init  ds18b20.o
    0x08001750   0x000000b0   Code   RO         1894    i.DS18B20_Init      ds18b20.o
    0x08001800   0x00000080   Code   RO         1895    i.DS18B20_ReadByte  ds18b20.o
    0x08001880   0x00000080   Code   RO         1896    i.DS18B20_WriteByte  ds18b20.o
    0x08001900   0x00000002   Code   RO         2042    i.DebugMon_Handler  stm32f10x_it.o
    0x08001902   0x00000116   Code   RO          384    i.GPIO_Init         stm32f10x_gpio.o
    0x08001a18   0x00000090   Code   RO          386    i.GPIO_PinRemapConfig  stm32f10x_gpio.o
    0x08001aa8   0x00000012   Code   RO          388    i.GPIO_ReadInputDataBit  stm32f10x_gpio.o
    0x08001aba   0x00000004   Code   RO          391    i.GPIO_ResetBits    stm32f10x_gpio.o
    0x08001abe   0x00000004   Code   RO          392    i.GPIO_SetBits      stm32f10x_gpio.o
    0x08001ac2   0x00000002   PAD
    0x08001ac4   0x00000034   Code   RO         1933    i.Get_Adc           adc.o
    0x08001af8   0x0000002e   Code   RO         1934    i.Get_Adc_Average   adc.o
    0x08001b26   0x00000002   PAD
    0x08001b28   0x00000170   Code   RO         1959    i.Get_PH            main.o
    0x08001c98   0x00000070   Code   RO         1960    i.Get_TDS           main.o
    0x08001d08   0x00000110   Code   RO         1961    i.Get_Turbidity     main.o
    0x08001e18   0x00000004   Code   RO         2043    i.HardFault_Handler  stm32f10x_it.o
    0x08001e1c   0x00000008   Code   RO         1738    i.I2C_Configuration  oled_i2c.o
    0x08001e24   0x0000002e   Code   RO         1739    i.I2C_WriteByte     oled_i2c.o
    0x08001e52   0x00000002   PAD
    0x08001e54   0x00000084   Code   RO         1962    i.InitDisplay       main.o
    0x08001ed8   0x00000054   Code   RO         1720    i.KEY_GPIO_Init     gpio.o
    0x08001f2c   0x00000004   Code   RO         2044    i.MemManage_Handler  stm32f10x_it.o
    0x08001f30   0x00000002   Code   RO         2045    i.NMI_Handler       stm32f10x_it.o
    0x08001f32   0x0000000c   Code   RO         2208    i.NVIC_Configuration  sys.o
    0x08001f3e   0x00000002   PAD
    0x08001f40   0x00000070   Code   RO           24    i.NVIC_Init         misc.o
    0x08001fb0   0x00000014   Code   RO           25    i.NVIC_PriorityGroupConfig  misc.o
    0x08001fc4   0x0000000a   Code   RO         1740    i.OLED_CLS          oled_i2c.o
    0x08001fce   0x0000003a   Code   RO         1742    i.OLED_Fill         oled_i2c.o
    0x08002008   0x000000b2   Code   RO         1743    i.OLED_Init         oled_i2c.o
    0x080020ba   0x00000028   Code   RO         1746    i.OLED_SetPos       oled_i2c.o
    0x080020e2   0x00000002   PAD
    0x080020e4   0x0000007c   Code   RO         1747    i.OLED_ShowCN       oled_i2c.o
    0x08002160   0x00000070   Code   RO         1748    i.OLED_ShowCentigrade  oled_i2c.o
    0x080021d0   0x000000f8   Code   RO         1749    i.OLED_ShowChar     oled_i2c.o
    0x080022c8   0x00000140   Code   RO         1750    i.OLED_ShowStr      oled_i2c.o
    0x08002408   0x00000002   Code   RO         2046    i.PendSV_Handler    stm32f10x_it.o
    0x0800240a   0x00000002   PAD
    0x0800240c   0x00000018   Code   RO          492    i.RCC_ADCCLKConfig  stm32f10x_rcc.o
    0x08002424   0x00000020   Code   RO          494    i.RCC_APB1PeriphClockCmd  stm32f10x_rcc.o
    0x08002444   0x00000020   Code   RO          495    i.RCC_APB1PeriphResetCmd  stm32f10x_rcc.o
    0x08002464   0x00000020   Code   RO          496    i.RCC_APB2PeriphClockCmd  stm32f10x_rcc.o
    0x08002484   0x00000020   Code   RO          497    i.RCC_APB2PeriphResetCmd  stm32f10x_rcc.o
    0x080024a4   0x000000d4   Code   RO          504    i.RCC_GetClocksFreq  stm32f10x_rcc.o
    0x08002578   0x00000064   Code   RO         1897    i.ReadTemperature   ds18b20.o
    0x080025dc   0x00000022   Code   RO         1541    i.STM32F10x_Read    stm32f10x_flash.o
    0x080025fe   0x00000006   Code   RO         1542    i.STMFLASH_ReadHalfWord  stm32f10x_flash.o
    0x08002604   0x00000002   Code   RO         2047    i.SVC_Handler       stm32f10x_it.o
    0x08002606   0x00000008   Code   RO         2128    i.SetSysClock       system_stm32f10x.o
    0x0800260e   0x00000002   PAD
    0x08002610   0x000000e0   Code   RO         2129    i.SetSysClockTo72   system_stm32f10x.o
    0x080026f0   0x000000a0   Code   RO           28    i.SysTick_CLKSourceConfig  misc.o
    0x08002790   0x00000002   Code   RO         2048    i.SysTick_Handler   stm32f10x_it.o
    0x08002792   0x00000002   PAD
    0x08002794   0x00000060   Code   RO         2131    i.SystemInit        system_stm32f10x.o
    0x080027f4   0x0000004c   Code   RO         2223    i.USART1_IRQHandler  usart1.o
    0x08002840   0x00000060   Code   RO         2276    i.USART3_IRQHandler  usart3.o
    0x080028a0   0x000000b0   Code   RO         2277    i.USART3_Init       usart3.o
    0x08002950   0x00000020   Code   RO         2278    i.USART3_Sned_Char  usart3.o
    0x08002970   0x00000012   Code   RO         1333    i.USART_ClearFlag   stm32f10x_usart.o
    0x08002982   0x0000001e   Code   RO         1334    i.USART_ClearITPendingBit  stm32f10x_usart.o
    0x080029a0   0x00000018   Code   RO         1337    i.USART_Cmd         stm32f10x_usart.o
    0x080029b8   0x0000009c   Code   RO         1339    i.USART_DeInit      stm32f10x_usart.o
    0x08002a54   0x0000001a   Code   RO         1340    i.USART_GetFlagStatus  stm32f10x_usart.o
    0x08002a6e   0x00000054   Code   RO         1341    i.USART_GetITStatus  stm32f10x_usart.o
    0x08002ac2   0x0000004a   Code   RO         1343    i.USART_ITConfig    stm32f10x_usart.o
    0x08002b0c   0x000000d8   Code   RO         1344    i.USART_Init        stm32f10x_usart.o
    0x08002be4   0x0000000a   Code   RO         1351    i.USART_ReceiveData  stm32f10x_usart.o
    0x08002bee   0x00000008   Code   RO         1354    i.USART_SendData    stm32f10x_usart.o
    0x08002bf6   0x00000016   Code   RO         2279    i.Uart3_SendStr     usart3.o
    0x08002c0c   0x00000004   Code   RO         2049    i.UsageFault_Handler  stm32f10x_it.o
    0x08002c10   0x0000001c   Code   RO         1963    i.Usart1RxBufClear  main.o
    0x08002c2c   0x000000a8   Code   RO         1964    i.UsartSendData     main.o
    0x08002cd4   0x0000000e   Code   RO         1751    i.WriteCmd          oled_i2c.o
    0x08002ce2   0x0000000e   Code   RO         1752    i.WriteDat          oled_i2c.o
    0x08002cf0   0x00000028   Code   RO         2499    i.__ARM_fpclassify  m_ws.l(fpclassify.o)
    0x08002d18   0x0000000e   Code   RO         2343    i._is_digit         c_w.l(__printf_wp.o)
    0x08002d26   0x00000006   Code   RO         2224    i._sys_exit         usart1.o
    0x08002d2c   0x00000040   Code   RO         1753    i.bsp_InitI2C_2     oled_i2c.o
    0x08002d6c   0x00000044   Code   RO         2179    i.delay_init        delay.o
    0x08002db0   0x00000090   Code   RO         2180    i.delay_ms          delay.o
    0x08002e40   0x0000004c   Code   RO         2181    i.delay_us          delay.o
    0x08002e8c   0x0000013c   Code   RO         1965    i.displaySetValue   main.o
    0x08002fc8   0x00000054   Code   RO         1757    i.i2c_SendByte_2    oled_i2c.o
    0x0800301c   0x00000030   Code   RO         1758    i.i2c_Start_2       oled_i2c.o
    0x0800304c   0x00000028   Code   RO         1759    i.i2c_Stop_2        oled_i2c.o
    0x08003074   0x0000004c   Code   RO         1760    i.i2c_WaitAck_2     oled_i2c.o
    0x080030c0   0x00000358   Code   RO         1966    i.keyscan           main.o
    0x08003418   0x000002c0   Code   RO         1967    i.main              main.o
    0x080036d8   0x000000bc   Code   RO         2226    i.uart1_Init        usart1.o
    0x08003794   0x00000050   Code   RO         2228    i.uart1_send        usart1.o
    0x080037e4   0x0000002c   Code   RO         2495    locale$$code        c_w.l(lc_numeric_c.o)
    0x08003810   0x00000062   Code   RO         2364    x$fpl$d2f           fz_ws.l(d2f.o)
    0x08003872   0x00000002   PAD
    0x08003874   0x00000150   Code   RO         2366    x$fpl$dadd          fz_ws.l(daddsub_clz.o)
    0x080039c4   0x00000018   Code   RO         2430    x$fpl$dcmpinf       fz_ws.l(dcmpi.o)
    0x080039dc   0x000002b0   Code   RO         2373    x$fpl$ddiv          fz_ws.l(ddiv.o)
    0x08003c8c   0x0000002e   Code   RO         2377    x$fpl$dflt          fz_ws.l(dflt_clz.o)
    0x08003cba   0x00000002   PAD
    0x08003cbc   0x00000078   Code   RO         2382    x$fpl$dleqf         fz_ws.l(dleqf.o)
    0x08003d34   0x00000154   Code   RO         2384    x$fpl$dmul          fz_ws.l(dmul.o)
    0x08003e88   0x0000009c   Code   RO         2432    x$fpl$dnaninf       fz_ws.l(dnaninf.o)
    0x08003f24   0x0000000c   Code   RO         2434    x$fpl$dretinf       fz_ws.l(dretinf.o)
    0x08003f30   0x0000006c   Code   RO         2386    x$fpl$drleqf        fz_ws.l(drleqf.o)
    0x08003f9c   0x000001d4   Code   RO         2368    x$fpl$dsub          fz_ws.l(daddsub_clz.o)
    0x08004170   0x00000056   Code   RO         2388    x$fpl$f2d           fz_ws.l(f2d.o)
    0x080041c6   0x00000018   Code   RO         2436    x$fpl$fcmpinf       fz_ws.l(fcmpi.o)
    0x080041de   0x00000002   PAD
    0x080041e0   0x00000184   Code   RO         2391    x$fpl$fdiv          fz_ws.l(fdiv.o)
    0x08004364   0x00000036   Code   RO         2394    x$fpl$ffix          fz_ws.l(ffix.o)
    0x0800439a   0x00000002   PAD
    0x0800439c   0x0000003e   Code   RO         2398    x$fpl$ffixu         fz_ws.l(ffixu.o)
    0x080043da   0x00000002   PAD
    0x080043dc   0x00000026   Code   RO         2402    x$fpl$ffltu         fz_ws.l(fflt_clz.o)
    0x08004402   0x00000002   PAD
    0x08004404   0x00000068   Code   RO         2408    x$fpl$fleqf         fz_ws.l(fleqf.o)
    0x0800446c   0x00000102   Code   RO         2410    x$fpl$fmul          fz_ws.l(fmul.o)
    0x0800456e   0x0000008c   Code   RO         2438    x$fpl$fnaninf       fz_ws.l(fnaninf.o)
    0x080045fa   0x0000000a   Code   RO         2440    x$fpl$fretinf       fz_ws.l(fretinf.o)
    0x08004604   0x00000062   Code   RO         2412    x$fpl$frleqf        fz_ws.l(frleqf.o)
    0x08004666   0x00000004   Code   RO         2414    x$fpl$printf1       fz_ws.l(printf1.o)
    0x0800466a   0x00000000   Code   RO         2442    x$fpl$usenofp       fz_ws.l(usenofp.o)
    0x0800466a   0x00000818   Data   RO         1761    .constdata          oled_i2c.o
    0x08004e82   0x00000011   Data   RO         2346    .constdata          c_w.l(__printf_flags_wp.o)
    0x08004e93   0x00000001   PAD
    0x08004e94   0x00000094   Data   RO         2470    .constdata          c_w.l(bigflt0.o)
    0x08004f28   0x00000020   Data   RO         2635    Region$$Table       anon$$obj.o
    0x08004f48   0x0000001c   Data   RO         2494    locale$$data        c_w.l(lc_numeric_c.o)


    Execution Region RW_IRAM1 (Base: 0x20000000, Size: 0x000008c0, Max: 0x00005000, ABSOLUTE, COMPRESSED[0x000000f4])

    Base Addr    Size         Type   Attr      Idx    E Section Name        Object

    0x20000000   0x00000014   Data   RW          524    .data               stm32f10x_rcc.o
    0x20000014   0x00000140   Data   RW         1762    .data               oled_i2c.o
    0x20000154   0x00000024   Data   RW         1969    .data               main.o
    0x20000178   0x00000014   Data   RW         2133    .data               system_stm32f10x.o
    0x2000018c   0x0000000c   Data   RW         2182    .data               delay.o
    0x20000198   0x00000008   Data   RW         2230    .data               usart1.o
    0x200001a0   0x00000004   Data   RW         2282    .data               usart3.o
    0x200001a4   0x0000001c   Zero   RW         1968    .bss                main.o
    0x200001c0   0x0000001c   Zero   RW         2132    .bss                system_stm32f10x.o
    0x200001dc   0x00000030   Zero   RW         2229    .bss                usart1.o
    0x2000020c   0x00000050   Zero   RW         2281    .bss                usart3.o
    0x2000025c   0x00000060   Zero   RW         2502    .bss                c_w.l(libspace.o)
    0x200002bc   0x00000004   PAD
    0x200002c0   0x00000200   Zero   RW           18    HEAP                startup_stm32f10x_md.o
    0x200004c0   0x00000400   Zero   RW           17    STACK               startup_stm32f10x_md.o


==============================================================================

Image component sizes


      Code (inc. data)   RO Data    RW Data    ZI Data      Debug   Object Name

       238         14          0          0          0       1843   adc.o
         0          0          0          0          0       4560   core_cm3.o
       288         40          0         12          0       1955   delay.o
       588         28          0          0          0       3196   ds18b20.o
        84          8          0          0          0        560   gpio.o
      2956        458          0         36         28       7623   main.o
       292         36          0          0          0     238296   misc.o
      1484         66       2072        320          0      11342   oled_i2c.o
        64         26        236          0       1536        832   startup_stm32f10x_md.o
       486         24          0          0          0       8946   stm32f10x_adc.o
        40          0          0          0          0       2733   stm32f10x_flash.o
       448          6          0          0          0       4674   stm32f10x_gpio.o
        26          0          0          0          0       4146   stm32f10x_it.o
       364         50          0         20          0       6419   stm32f10x_rcc.o
       646         28          0          0          0       8300   stm32f10x_usart.o
        12          0          0          0          0        505   sys.o
       328         28          0         20         28     204242   system_stm32f10x.o
       350         24          0          8         48       4571   usart1.o
       326         24          0          4         80       3235   usart3.o

    ----------------------------------------------------------------------
      9040        860       2340        420       1720     517978   Object Totals
         0          0         32          0          0          0   (incl. Generated)
        20          0          0          0          0          0   (incl. Padding)

    ----------------------------------------------------------------------

      Code (inc. data)   RO Data    RW Data    ZI Data      Debug   Library Member Name

        90          0          0          0          0          0   __dczerorl2.o
         8          0          0          0          0         68   __main.o
       312          4         17          0          0         92   __printf_flags_wp.o
        14          0          0          0          0         68   __printf_wp.o
         0          0          0          0          0          0   __rtentry.o
        12          0          0          0          0          0   __rtentry2.o
         6          0          0          0          0          0   __rtentry4.o
        52          8          0          0          0          0   __scatter.o
        28          0          0          0          0          0   __scatter_zi.o
        48          6          0          0          0         96   _printf_char_common.o
         6          0          0          0          0          0   _printf_d.o
       120         16          0          0          0         92   _printf_dec.o
         6          0          0          0          0          0   _printf_f.o
      1050          0          0          0          0        216   _printf_fp_dec.o
       128         16          0          0          0         84   _printf_fp_infnan.o
       178          0          0          0          0         88   _printf_intcommon.o
        78          0          0          0          0        108   _printf_pad.o
         0          0          0          0          0          0   _printf_percent.o
         4          0          0          0          0          0   _printf_percent_end.o
        10          0          0          0          0         68   _sputc.o
       220          4        148          0          0         96   bigflt0.o
      1910        128          0          0          0        672   btod.o
        12          0          0          0          0         72   exit.o
         6          0          0          0          0        152   heapauxi.o
        44         10         28          0          0         76   lc_numeric_c.o
         2          0          0          0          0          0   libinit.o
        18          0          0          0          0          0   libinit2.o
         2          0          0          0          0          0   libshutdown.o
         2          0          0          0          0          0   libshutdown2.o
         8          4          0          0         96         68   libspace.o
       138          0          0          0          0         80   lludiv10.o
        40          6          0          0          0         84   noretval__2sprintf.o
         8          4          0          0          0         68   rt_locale_intlibspace.o
        68          0          0          0          0         68   rt_memclr.o
        78          0          0          0          0         80   rt_memclr_w.o
       100          0          0          0          0         80   rt_memcpy_w.o
         2          0          0          0          0          0   rtexit.o
        10          0          0          0          0          0   rtexit2.o
       128          0          0          0          0         68   strcmpv7m.o
        74          0          0          0          0         80   sys_stackheap_outer.o
         2          0          0          0          0         68   use_no_semi.o
         2          0          0          0          0         68   use_no_semi_2.o
        98          4          0          0          0         92   d2f.o
       804         16          0          0          0        272   daddsub_clz.o
        24          0          0          0          0         68   dcmpi.o
       688        140          0          0          0        208   ddiv.o
        46          0          0          0          0         68   dflt_clz.o
       120          4          0          0          0         92   dleqf.o
       340         12          0          0          0        104   dmul.o
       156          4          0          0          0         92   dnaninf.o
        12          0          0          0          0         68   dretinf.o
       108          0          0          0          0         80   drleqf.o
        86          4          0          0          0         84   f2d.o
        24          0          0          0          0         68   fcmpi.o
       388         76          0          0          0         96   fdiv.o
        54          4          0          0          0         84   ffix.o
        62          4          0          0          0         84   ffixu.o
        38          0          0          0          0         68   fflt_clz.o
       104          4          0          0          0         84   fleqf.o
       258          4          0          0          0         84   fmul.o
       140          4          0          0          0         84   fnaninf.o
        10          0          0          0          0         68   fretinf.o
        98          0          0          0          0         68   frleqf.o
         4          0          0          0          0         68   printf1.o
         0          0          0          0          0          0   usenofp.o
        40          0          0          0          0         68   fpclassify.o

    ----------------------------------------------------------------------
      8750        486        194          0        100       5012   Library Totals
        24          0          1          0          4          0   (incl. Padding)

    ----------------------------------------------------------------------

      Code (inc. data)   RO Data    RW Data    ZI Data      Debug   Library Name

      5024        206        193          0         96       2860   c_w.l
      3662        280          0          0          0       2084   fz_ws.l
        40          0          0          0          0         68   m_ws.l

    ----------------------------------------------------------------------
      8750        486        194          0        100       5012   Library Totals

    ----------------------------------------------------------------------

==============================================================================


      Code (inc. data)   RO Data    RW Data    ZI Data      Debug   

     17790       1346       2534        420       1820     515394   Grand Totals
     17790       1346       2534        244       1820     515394   ELF Image Totals (compressed)
     17790       1346       2534        244          0          0   ROM Totals

==============================================================================

    Total RO  Size (Code + RO Data)                20324 (  19.85kB)
    Total RW  Size (RW Data + ZI Data)              2240 (   2.19kB)
    Total ROM Size (Code + RO Data + RW Data)      20568 (  20.09kB)

==============================================================================

